Archive member included to satisfy reference by file (symbol)

Middlewares/ST/TouchGFX/touchgfx//lib/core/cortex_m7/gcc\libtouchgfx.a(AbstractPartition.o)
                              TouchGFX/build/ST/STM32F769I-DISCO/TouchGFX/target/BoardConfiguration.o (touchgfx::AbstractPartition::getAllocationCount() const)
Middlewares/ST/TouchGFX/touchgfx//lib/core/cortex_m7/gcc\libtouchgfx.a(Container.o)
                              TouchGFX/build/ST/STM32F769I-DISCO/TouchGFX/generated/gui_generated/src/screen1_screen/Screen1ViewBase.o (touchgfx::Container::add(touchgfx::Drawable&))
Middlewares/ST/TouchGFX/touchgfx//lib/core/cortex_m7/gcc\libtouchgfx.a(HAL.o)
                              TouchGFX/build/ST/STM32F769I-DISCO/TouchGFX/target/STM32F7HAL_DSI.o (touchgfx::HAL::flushFrameBuffer())
Middlewares/ST/TouchGFX/touchgfx//lib/core/cortex_m7/gcc\libtouchgfx.a(DMA.o)
                              TouchGFX/build/ST/STM32F769I-DISCO/TouchGFX/target/STM32F7DMA.o (touchgfx::DMA_Interface::seedExecution())
Middlewares/ST/TouchGFX/touchgfx//lib/core/cortex_m7/gcc\libtouchgfx.a(Box.o)
                              TouchGFX/build/ST/STM32F769I-DISCO/TouchGFX/generated/gui_generated/src/screen1_screen/Screen1ViewBase.o (vtable for touchgfx::Box)
Middlewares/ST/TouchGFX/touchgfx//lib/core/cortex_m7/gcc\libtouchgfx.a(Button.o)
                              TouchGFX/build/ST/STM32F769I-DISCO/TouchGFX/generated/gui_generated/src/screen1_screen/Screen1ViewBase.o (touchgfx::Button::setBitmaps(touchgfx::Bitmap const&, touchgfx::Bitmap const&))
Middlewares/ST/TouchGFX/touchgfx//lib/core/cortex_m7/gcc\libtouchgfx.a(Image.o)
                              TouchGFX/build/ST/STM32F769I-DISCO/TouchGFX/generated/gui_generated/src/screen1_screen/Screen1ViewBase.o (touchgfx::Image::setBitmap(touchgfx::Bitmap const&))
Middlewares/ST/TouchGFX/touchgfx//lib/core/cortex_m7/gcc\libtouchgfx.a(LCD.o)
                              TouchGFX/build/ST/STM32F769I-DISCO/TouchGFX/generated/texts/src/Texts.o (touchgfx::LCD::drawStringLTR(touchgfx::Rect const&, touchgfx::Rect const&, touchgfx::LCD::StringVisuals const&, unsigned short const*, std::__va_list))
Middlewares/ST/TouchGFX/touchgfx//lib/core/cortex_m7/gcc\libtouchgfx.a(TouchCalibration.o)
                              Middlewares/ST/TouchGFX/touchgfx//lib/core/cortex_m7/gcc\libtouchgfx.a(HAL.o) (touchgfx::TouchCalibration::translatePoint(touchgfx::Point&))
Middlewares/ST/TouchGFX/touchgfx//lib/core/cortex_m7/gcc\libtouchgfx.a(DisplayTransformation.o)
                              Middlewares/ST/TouchGFX/touchgfx//lib/core/cortex_m7/gcc\libtouchgfx.a(HAL.o) (touchgfx::DisplayTransformation::transformFrameBufferToDisplay(short&, short&))
Middlewares/ST/TouchGFX/touchgfx//lib/core/cortex_m7/gcc\libtouchgfx.a(Application.o)
                              TouchGFX/build/ST/STM32F769I-DISCO/TouchGFX/gui/src/common/FrontendApplication.o (touchgfx::Application::handleClickEvent(touchgfx::ClickEvent const&))
Middlewares/ST/TouchGFX/touchgfx//lib/core/cortex_m7/gcc\libtouchgfx.a(TypedText.o)
                              TouchGFX/build/ST/STM32F769I-DISCO/TouchGFX/generated/texts/src/Texts.o (touchgfx::TypedText::numberOfTypedTexts)
Middlewares/ST/TouchGFX/touchgfx//lib/core/cortex_m7/gcc\libtouchgfx.a(Font.o)
                              TouchGFX/build/ST/STM32F769I-DISCO/TouchGFX/generated/texts/src/Texts.o (touchgfx::Font::getStringWidthLTR(unsigned char, unsigned short const*, std::__va_list) const)
Middlewares/ST/TouchGFX/touchgfx//lib/core/cortex_m7/gcc\libtouchgfx.a(Drawable.o)
                              Middlewares/ST/TouchGFX/touchgfx//lib/core/cortex_m7/gcc\libtouchgfx.a(Container.o) (touchgfx::Drawable::invalidate() const)
Middlewares/ST/TouchGFX/touchgfx//lib/core/cortex_m7/gcc\libtouchgfx.a(Utils.o)
                              Middlewares/ST/TouchGFX/touchgfx//lib/core/cortex_m7/gcc\libtouchgfx.a(TouchCalibration.o) (touchgfx::memset(void*, unsigned char, unsigned long))
Middlewares/ST/TouchGFX/touchgfx//lib/core/cortex_m7/gcc\libtouchgfx.a(Screen.o)
                              TouchGFX/build/ST/STM32F769I-DISCO/TouchGFX/gui/src/screen1_screen/Screen1View.o (touchgfx::Screen::handleGestureEvent(touchgfx::GestureEvent const&))
Middlewares/ST/TouchGFX/touchgfx//lib/core/cortex_m7/gcc\libtouchgfx.a(InternalFlashFont.o)
                              TouchGFX/build/ST/STM32F769I-DISCO/TouchGFX/generated/fonts/src/FontGetters.o (touchgfx::InternalFlashFont::InternalFlashFont(touchgfx::GlyphNode const*, unsigned short, unsigned short, unsigned char, unsigned char, unsigned char, unsigned char, unsigned char const*, touchgfx::KerningNode const*, unsigned short, unsigned short))
Middlewares/ST/TouchGFX/touchgfx//lib/core/cortex_m7/gcc\libtouchgfx.a(TextProvider.o)
                              Middlewares/ST/TouchGFX/touchgfx//lib/core/cortex_m7/gcc\libtouchgfx.a(Font.o) (touchgfx::TextProvider::getNextChar())
[...]
Memory Configuration

Name             Origin             Length             Attributes
FLASH            0x08000000         0x00200000         xr
RAM              0x20000000         0x00080000         xrw
QUADSPI          0x90000000         0x04000000         r
*default*        0x00000000         0xffffffff

Linker script and memory map

LOAD c:/touchgfx/4.10.0/env/mingw/msys/1.0/gnu-arm-gcc/bin/../lib/gcc/arm-none-eabi/6.3.1/thumb/v7e-m/fpv5-sp/softfp/crti.o
LOAD c:/touchgfx/4.10.0/env/mingw/msys/1.0/gnu-arm-gcc/bin/../lib/gcc/arm-none-eabi/6.3.1/thumb/v7e-m/fpv5-sp/softfp/crtbegin.o
LOAD c:/touchgfx/4.10.0/env/mingw/msys/1.0/gnu-arm-gcc/bin/../lib/gcc/arm-none-eabi/6.3.1/../../../../arm-none-eabi/lib/thumb/v7e-m/fpv5-sp/softfp/crt0.o
LOAD TouchGFX/build/ST/STM32F769I-DISCO/TouchGFX/gui/src/screen1_screen/Screen1Presenter.o
LOAD TouchGFX/build/ST/STM32F769I-DISCO/TouchGFX/gui/src/screen1_screen/Screen1View.o
LOAD TouchGFX/build/ST/STM32F769I-DISCO/TouchGFX/gui/src/model/Model.o
LOAD TouchGFX/build/ST/STM32F769I-DISCO/TouchGFX/gui/src/common/FrontendApplication.o
LOAD TouchGFX/build/ST/STM32F769I-DISCO/TouchGFX/generated/gui_generated/src/screen1_screen/Screen1ViewBase.o
LOAD TouchGFX/build/ST/STM32F769I-DISCO/TouchGFX/generated/gui_generated/src/common/FrontendApplicationBase.o
LOAD TouchGFX/build/ST/STM32F769I-DISCO/TouchGFX/generated/fonts/src/Kerning_verdana_10_4bpp.o
LOAD TouchGFX/build/ST/STM32F769I-DISCO/TouchGFX/generated/fonts/src/Font_verdana_40_4bpp.o
LOAD TouchGFX/build/ST/STM32F769I-DISCO/TouchGFX/generated/fonts/src/FontGetters.o
LOAD TouchGFX/build/ST/STM32F769I-DISCO/TouchGFX/generated/fonts/src/Font_verdana_20_4bpp.o
LOAD TouchGFX/build/ST/STM32F769I-DISCO/TouchGFX/generated/fonts/src/Kerning_verdana_40_4bpp.o
LOAD TouchGFX/build/ST/STM32F769I-DISCO/TouchGFX/generated/fonts/src/Table_verdana_10_4bpp.o
LOAD TouchGFX/build/ST/STM32F769I-DISCO/TouchGFX/generated/fonts/src/Kerning_verdana_20_4bpp.o
LOAD TouchGFX/build/ST/STM32F769I-DISCO/TouchGFX/generated/fonts/src/Font_verdana_10_4bpp.o
LOAD TouchGFX/build/ST/STM32F769I-DISCO/TouchGFX/generated/fonts/src/Table_verdana_40_4bpp.o
LOAD TouchGFX/build/ST/STM32F769I-DISCO/TouchGFX/generated/fonts/src/Table_verdana_20_4bpp.o
LOAD TouchGFX/build/ST/STM32F769I-DISCO/TouchGFX/generated/fonts/src/ApplicationFontProvider.o
LOAD TouchGFX/build/ST/STM32F769I-DISCO/TouchGFX/generated/images/src/__designer/blue_buttons_round_edge_small.o
LOAD TouchGFX/build/ST/STM32F769I-DISCO/TouchGFX/generated/images/src/__designer/blue_buttons_round_edge_small_pressed.o
LOAD TouchGFX/build/ST/STM32F769I-DISCO/TouchGFX/generated/images/src/BitmapDatabase.o
LOAD TouchGFX/build/ST/STM32F769I-DISCO/TouchGFX/generated/images/src/b2_4_6.o
LOAD TouchGFX/build/ST/STM32F769I-DISCO/TouchGFX/generated/images/src/b5.o
LOAD TouchGFX/build/ST/STM32F769I-DISCO/TouchGFX/generated/texts/src/TypedTextDatabase.o
LOAD TouchGFX/build/ST/STM32F769I-DISCO/TouchGFX/generated/texts/src/Texts.o
LOAD TouchGFX/build/ST/STM32F769I-DISCO/touchgfx/os/OSWrappers.o
LOAD TouchGFX/build/ST/STM32F769I-DISCO/Core/Src/main.o
LOAD TouchGFX/build/ST/STM32F769I-DISCO/TouchGFX/target/STM32F7Instrumentation.o
LOAD TouchGFX/build/ST/STM32F769I-DISCO/TouchGFX/target/OTM8009TouchController.o
LOAD TouchGFX/build/ST/STM32F769I-DISCO/TouchGFX/target/STM32F7DMA.o
LOAD TouchGFX/build/ST/STM32F769I-DISCO/TouchGFX/target/STM32F7HAL_DSI.o
LOAD TouchGFX/build/ST/STM32F769I-DISCO/TouchGFX/target/GPIO.o
LOAD TouchGFX/build/ST/STM32F769I-DISCO/TouchGFX/target/HW_Init.o
LOAD TouchGFX/build/ST/STM32F769I-DISCO/TouchGFX/target/BoardConfiguration.o
LOAD TouchGFX/build/ST/STM32F769I-DISCO/Middlewares/Third_Party/FreeRTOS/Source/croutine.o
LOAD TouchGFX/build/ST/STM32F769I-DISCO/Middlewares/Third_Party/FreeRTOS/Source/list.o
LOAD TouchGFX/build/ST/STM32F769I-DISCO/Middlewares/Third_Party/FreeRTOS/Source/queue.o
LOAD TouchGFX/build/ST/STM32F769I-DISCO/Middlewares/Third_Party/FreeRTOS/Source/tasks.o
LOAD TouchGFX/build/ST/STM32F769I-DISCO/Middlewares/Third_Party/FreeRTOS/Source/timers.o
LOAD TouchGFX/build/ST/STM32F769I-DISCO/Middlewares/Third_Party/FreeRTOS/Source/portable/MemMang/heap_2.o
LOAD TouchGFX/build/ST/STM32F769I-DISCO/Middlewares/Third_Party/FreeRTOS/Source/portable/GCC/ARM_CM7/r0p1/port.o
LOAD TouchGFX/build/ST/STM32F769I-DISCO/Drivers/BSP/STM32F769I-Discovery/stm32f769i_discovery.o
LOAD TouchGFX/build/ST/STM32F769I-DISCO/Drivers/BSP/STM32F769I-Discovery/stm32f769i_discovery_sdram.o
LOAD TouchGFX/build/ST/STM32F769I-DISCO/Drivers/BSP/STM32F769I-Discovery/stm32f769i_discovery_ts.o
LOAD TouchGFX/build/ST/STM32F769I-DISCO/Drivers/BSP/STM32F769I-Discovery/stm32f769i_discovery_qspi.o
LOAD TouchGFX/build/ST/STM32F769I-DISCO/Drivers/BSP/Components/otm8009a/otm8009a.o
LOAD TouchGFX/build/ST/STM32F769I-DISCO/Drivers/BSP/Components/ft6x06/ft6x06.o
LOAD TouchGFX/build/ST/STM32F769I-DISCO/Drivers/STM32F7xx_HAL_Driver/Src/stm32f7xx_hal.o
LOAD TouchGFX/build/ST/STM32F769I-DISCO/Drivers/STM32F7xx_HAL_Driver/Src/stm32f7xx_hal_cortex.o
LOAD TouchGFX/build/ST/STM32F769I-DISCO/Drivers/STM32F7xx_HAL_Driver/Src/stm32f7xx_hal_dma.o
LOAD TouchGFX/build/ST/STM32F769I-DISCO/Drivers/STM32F7xx_HAL_Driver/Src/stm32f7xx_hal_dma2d.o
LOAD TouchGFX/build/ST/STM32F769I-DISCO/Drivers/STM32F7xx_HAL_Driver/Src/stm32f7xx_hal_dma_ex.o
LOAD TouchGFX/build/ST/STM32F769I-DISCO/Drivers/STM32F7xx_HAL_Driver/Src/stm32f7xx_hal_gpio.o
LOAD TouchGFX/build/ST/STM32F769I-DISCO/Drivers/STM32F7xx_HAL_Driver/Src/stm32f7xx_hal_i2c.o
LOAD TouchGFX/build/ST/STM32F769I-DISCO/Drivers/STM32F7xx_HAL_Driver/Src/stm32f7xx_hal_i2c_ex.o
LOAD TouchGFX/build/ST/STM32F769I-DISCO/Drivers/STM32F7xx_HAL_Driver/Src/stm32f7xx_hal_ltdc.o
LOAD TouchGFX/build/ST/STM32F769I-DISCO/Drivers/STM32F7xx_HAL_Driver/Src/stm32f7xx_hal_nor.o
LOAD TouchGFX/build/ST/STM32F769I-DISCO/Drivers/STM32F7xx_HAL_Driver/Src/stm32f7xx_hal_pwr_ex.o
LOAD TouchGFX/build/ST/STM32F769I-DISCO/Drivers/STM32F7xx_HAL_Driver/Src/stm32f7xx_hal_rcc.o
LOAD TouchGFX/build/ST/STM32F769I-DISCO/Drivers/STM32F7xx_HAL_Driver/Src/stm32f7xx_hal_rcc_ex.o
LOAD TouchGFX/build/ST/STM32F769I-DISCO/Drivers/STM32F7xx_HAL_Driver/Src/stm32f7xx_hal_sdram.o
LOAD TouchGFX/build/ST/STM32F769I-DISCO/Drivers/STM32F7xx_HAL_Driver/Src/stm32f7xx_hal_sd.o
LOAD TouchGFX/build/ST/STM32F769I-DISCO/Drivers/STM32F7xx_HAL_Driver/Src/stm32f7xx_hal_tim.o
LOAD TouchGFX/build/ST/STM32F769I-DISCO/Drivers/STM32F7xx_HAL_Driver/Src/stm32f7xx_hal_tim_ex.o
LOAD TouchGFX/build/ST/STM32F769I-DISCO/Drivers/STM32F7xx_HAL_Driver/Src/stm32f7xx_hal_qspi.o
LOAD TouchGFX/build/ST/STM32F769I-DISCO/Drivers/STM32F7xx_HAL_Driver/Src/stm32f7xx_hal_pwr.o
LOAD TouchGFX/build/ST/STM32F769I-DISCO/Drivers/STM32F7xx_HAL_Driver/Src/stm32f7xx_hal_crc.o
LOAD TouchGFX/build/ST/STM32F769I-DISCO/Drivers/STM32F7xx_HAL_Driver/Src/stm32f7xx_hal_crc_ex.o
LOAD TouchGFX/build/ST/STM32F769I-DISCO/Drivers/STM32F7xx_HAL_Driver/Src/stm32f7xx_hal_rtc.o
LOAD TouchGFX/build/ST/STM32F769I-DISCO/Drivers/STM32F7xx_HAL_Driver/Src/stm32f7xx_hal_rtc_ex.o
LOAD TouchGFX/build/ST/STM32F769I-DISCO/Drivers/STM32F7xx_HAL_Driver/Src/stm32f7xx_hal_uart.o
LOAD TouchGFX/build/ST/STM32F769I-DISCO/Drivers/STM32F7xx_HAL_Driver/Src/stm32f7xx_ll_fmc.o
LOAD TouchGFX/build/ST/STM32F769I-DISCO/Drivers/STM32F7xx_HAL_Driver/Src/stm32f7xx_ll_sdmmc.o
LOAD TouchGFX/build/ST/STM32F769I-DISCO/Drivers/STM32F7xx_HAL_Driver/Src/stm32f7xx_hal_dsi.o
LOAD TouchGFX/build/ST/STM32F769I-DISCO/Drivers/STM32F7xx_HAL_Driver/Src/stm32f7xx_hal_spi.o
LOAD TouchGFX/build/ST/STM32F769I-DISCO/Core/Src/system_stm32f7xx.o
LOAD TouchGFX/build/ST/STM32F769I-DISCO/Core/Src/freertos.o
LOAD TouchGFX/build/ST/STM32F769I-DISCO/Core/Src/stm32f7xx_hal_msp.o
LOAD TouchGFX/build/ST/STM32F769I-DISCO/Core/Src/stm32f7xx_hal_timebase_tim.o
LOAD TouchGFX/build/ST/STM32F769I-DISCO/Core/Src/stm32f7xx_it.o
LOAD TouchGFX/build/ST/STM32F769I-DISCO/Middlewares/Third_Party/FreeRTOS/Source/CMSIS_RTOS/cmsis_os.o
LOAD TouchGFX/build/ST/STM32F769I-DISCO/Drivers/CMSIS/Device/ST/STM32F7xx/Source/Templates/gcc/startup_stm32f769xx.o
START GROUP
LOAD Middlewares/ST/TouchGFX/touchgfx//lib/core/cortex_m7/gcc\libtouchgfx.a
END GROUP
LOAD c:/touchgfx/4.10.0/env/mingw/msys/1.0/gnu-arm-gcc/bin/../lib/gcc/arm-none-eabi/6.3.1/../../../../arm-none-eabi/lib/thumb/v7e-m/fpv5-sp/softfp\libstdc++.a
LOAD c:/touchgfx/4.10.0/env/mingw/msys/1.0/gnu-arm-gcc/bin/../lib/gcc/arm-none-eabi/6.3.1/../../../../arm-none-eabi/lib/thumb/v7e-m/fpv5-sp/softfp\libm.a
START GROUP
LOAD c:/touchgfx/4.10.0/env/mingw/msys/1.0/gnu-arm-gcc/bin/../lib/gcc/arm-none-eabi/6.3.1/thumb/v7e-m/fpv5-sp/softfp\libgcc.a
LOAD c:/touchgfx/4.10.0/env/mingw/msys/1.0/gnu-arm-gcc/bin/../lib/gcc/arm-none-eabi/6.3.1/../../../../arm-none-eabi/lib/thumb/v7e-m/fpv5-sp/softfp\libg.a
LOAD c:/touchgfx/4.10.0/env/mingw/msys/1.0/gnu-arm-gcc/bin/../lib/gcc/arm-none-eabi/6.3.1/../../../../arm-none-eabi/lib/thumb/v7e-m/fpv5-sp/softfp\libc.a
END GROUP
START GROUP
LOAD c:/touchgfx/4.10.0/env/mingw/msys/1.0/gnu-arm-gcc/bin/../lib/gcc/arm-none-eabi/6.3.1/thumb/v7e-m/fpv5-sp/softfp\libgcc.a
LOAD c:/touchgfx/4.10.0/env/mingw/msys/1.0/gnu-arm-gcc/bin/../lib/gcc/arm-none-eabi/6.3.1/../../../../arm-none-eabi/lib/thumb/v7e-m/fpv5-sp/softfp\libc.a
LOAD c:/touchgfx/4.10.0/env/mingw/msys/1.0/gnu-arm-gcc/bin/../lib/gcc/arm-none-eabi/6.3.1/../../../../arm-none-eabi/lib/thumb/v7e-m/fpv5-sp/softfp\libnosys.a
END GROUP
LOAD c:/touchgfx/4.10.0/env/mingw/msys/1.0/gnu-arm-gcc/bin/../lib/gcc/arm-none-eabi/6.3.1/thumb/v7e-m/fpv5-sp/softfp/crtend.o
LOAD c:/touchgfx/4.10.0/env/mingw/msys/1.0/gnu-arm-gcc/bin/../lib/gcc/arm-none-eabi/6.3.1/thumb/v7e-m/fpv5-sp/softfp/crtn.o
                0x20080000                _estack = 0x20080000
                0x00000200                _Min_Heap_Size = 0x200
                0x00000400                _Min_Stack_Size = 0x400

.isr_vector     0x08000000      0x1f8
                0x08000000                . = ALIGN (0x4)
 *(.isr_vector)
 .isr_vector    0x08000000      0x1f8 TouchGFX/build/ST/STM32F769I-DISCO/Drivers/CMSIS/Device/ST/STM32F7xx/Source/Templates/gcc/startup_stm32f769xx.o
                0x08000000                g_pfnVectors
                0x080001f8                . = ALIGN (0x4)

.text           0x08000200    0x1ba08
                0x08000200                . = ALIGN (0x4)
 *(.text)
 .text          0x08000200       0x6c c:/touchgfx/4.10.0/env/mingw/msys/1.0/gnu-arm-gcc/bin/../lib/gcc/arm-none-eabi/6.3.1/thumb/v7e-m/fpv5-sp/softfp/crtbegin.o
 .text          0x0800026c     0x66a8 c:/touchgfx/4.10.0/env/mingw/msys/1.0/gnu-arm-gcc/bin/../lib/gcc/arm-none-eabi/6.3.1/../../../../arm-none-eabi/lib/thumb/v7e-m/fpv5-sp/softfp\libstdc++.a(cp-demangle.o)
                0x08006838                __cxa_demangle
                0x080068f0                __gcclibcxx_demangle_callback
 .text          0x08006914       0x30 c:/touchgfx/4.10.0/env/mingw/msys/1.0/gnu-arm-gcc/bin/../lib/gcc/arm-none-eabi/6.3.1/thumb/v7e-m/fpv5-sp/softfp\libgcc.a(_aeabi_uldivmod.o)
                0x08006914                __aeabi_uldivmod
 .text          0x08006944      0x2dc c:/touchgfx/4.10.0/env/mingw/msys/1.0/gnu-arm-gcc/bin/../lib/gcc/arm-none-eabi/6.3.1/thumb/v7e-m/fpv5-sp/softfp\libgcc.a(_udivmoddi4.o)
                0x08006944                __udivmoddi4
 .text          0x08006c20      0x9cc c:/touchgfx/4.10.0/env/mingw/msys/1.0/gnu-arm-gcc/bin/../lib/gcc/arm-none-eabi/6.3.1/thumb/v7e-m/fpv5-sp/softfp\libgcc.a(unwind-arm.o)
                0x08006ee0                _Unwind_GetCFA
                0x08006ee4                __gnu_Unwind_RaiseException
                0x08006f44                __gnu_Unwind_ForcedUnwind
                0x08006f58                __gnu_Unwind_Resume
                0x08006f9c                __gnu_Unwind_Resume_or_Rethrow
                0x08006fac                _Unwind_Complete
                0x08006fb0                _Unwind_DeleteException
                0x08006fbc                _Unwind_VRS_Get
                0x08007008                _Unwind_VRS_Set
                0x08007058                __gnu_Unwind_Backtrace
                0x08007398                __aeabi_unwind_cpp_pr0
                0x0800739c                __aeabi_unwind_cpp_pr1
                0x080073a0                __aeabi_unwind_cpp_pr2
                0x080073a4                _Unwind_VRS_Pop
 .text          0x080075ec      0x1ac c:/touchgfx/4.10.0/env/mingw/msys/1.0/gnu-arm-gcc/bin/../lib/gcc/arm-none-eabi/6.3.1/thumb/v7e-m/fpv5-sp/softfp\libgcc.a(libunwind.o)
                0x080075ec                __restore_core_regs
                0x080075ec                restore_core_regs
                0x08007604                __gnu_Unwind_Restore_VFP
                0x0800760c                __gnu_Unwind_Save_VFP
                0x08007614                __gnu_Unwind_Restore_VFP_D
                0x0800761c                __gnu_Unwind_Save_VFP_D
                0x08007624                __gnu_Unwind_Restore_VFP_D_16_to_31
                0x0800762c                __gnu_Unwind_Save_VFP_D_16_to_31
                0x08007634                __gnu_Unwind_Restore_WMMXD
                0x08007678                __gnu_Unwind_Save_WMMXD
                0x080076bc                __gnu_Unwind_Restore_WMMXC
                0x080076d0                __gnu_Unwind_Save_WMMXC
                0x080076e4                ___Unwind_RaiseException
                0x080076e4                _Unwind_RaiseException
                0x08007708                _Unwind_Resume
                0x08007708                ___Unwind_Resume
                0x0800772c                _Unwind_Resume_or_Rethrow
                0x0800772c                ___Unwind_Resume_or_Rethrow
                0x08007750                _Unwind_ForcedUnwind
                0x08007750                ___Unwind_ForcedUnwind
                0x08007774                ___Unwind_Backtrace
                0x08007774                _Unwind_Backtrace
 .text          0x08007798      0x380 c:/touchgfx/4.10.0/env/mingw/msys/1.0/gnu-arm-gcc/bin/../lib/gcc/arm-none-eabi/6.3.1/thumb/v7e-m/fpv5-sp/softfp\libgcc.a(pr-support.o)
                0x080077f0                __gnu_unwind_execute
                0x08007ac0                __gnu_unwind_frame
                0x08007ae8                _Unwind_GetRegionStart
                0x08007af4                _Unwind_GetLanguageSpecificData
                0x08007b08                _Unwind_GetTextRelBase
                0x08007b10                _Unwind_GetDataRelBase
 .text          0x08007b18        0x4 c:/touchgfx/4.10.0/env/mingw/msys/1.0/gnu-arm-gcc/bin/../lib/gcc/arm-none-eabi/6.3.1/thumb/v7e-m/fpv5-sp/softfp\libgcc.a(_dvmd_tls.o)
                0x08007b18                __aeabi_idiv0
                0x08007b18                __aeabi_ldiv0
 *fill*         0x08007b1c        0x4 
 .text          0x08007b20       0xa0 c:/touchgfx/4.10.0/env/mingw/msys/1.0/gnu-arm-gcc/bin/../lib/gcc/arm-none-eabi/6.3.1/../../../../arm-none-eabi/lib/thumb/v7e-m/fpv5-sp/softfp\libg.a(lib_a-memchr.o)
                0x08007b20                memchr
 .text          0x08007bc0      0x134 c:/touchgfx/4.10.0/env/mingw/msys/1.0/gnu-arm-gcc/bin/../lib/gcc/arm-none-eabi/6.3.1/../../../../arm-none-eabi/lib/thumb/v7e-m/fpv5-sp/softfp\libg.a(lib_a-memcpy.o)
                0x08007bc0                memcpy
 *fill*         0x08007cf4        0xc 
 .text          0x08007d00      0x2dc c:/touchgfx/4.10.0/env/mingw/msys/1.0/gnu-arm-gcc/bin/../lib/gcc/arm-none-eabi/6.3.1/../../../../arm-none-eabi/lib/thumb/v7e-m/fpv5-sp/softfp\libg.a(lib_a-strcmp.o)
                0x08007d08                strcmp
 *fill*         0x08007fdc       0x24 
 .text          0x08008000       0xdc c:/touchgfx/4.10.0/env/mingw/msys/1.0/gnu-arm-gcc/bin/../lib/gcc/arm-none-eabi/6.3.1/../../../../arm-none-eabi/lib/thumb/v7e-m/fpv5-sp/softfp\libg.a(lib_a-strlen.o)
                0x08008000                strlen
 .text          0x080080dc      0x370 c:/touchgfx/4.10.0/env/mingw/msys/1.0/gnu-arm-gcc/bin/../lib/gcc/arm-none-eabi/6.3.1/thumb/v7e-m/fpv5-sp/softfp\libgcc.a(_arm_addsubdf3.o)
                0x080080dc                __aeabi_drsub
                0x080080e4                __aeabi_dsub
                0x080080e4                __subdf3
                0x080080e8                __aeabi_dadd
                0x080080e8                __adddf3
                0x08008360                __floatunsidf
                0x08008360                __aeabi_ui2d
                0x08008380                __floatsidf
                0x08008380                __aeabi_i2d
                0x080083a4                __aeabi_f2d
                0x080083a4                __extendsfdf2
                0x080083e0                __floatundidf
                0x080083e0                __aeabi_ul2d
                0x080083f0                __floatdidf
                0x080083f0                __aeabi_l2d
 .text          0x0800844c      0x424 c:/touchgfx/4.10.0/env/mingw/msys/1.0/gnu-arm-gcc/bin/../lib/gcc/arm-none-eabi/6.3.1/thumb/v7e-m/fpv5-sp/softfp\libgcc.a(_arm_muldivdf3.o)
                0x0800844c                __aeabi_dmul
                0x0800844c                __muldf3
                0x080086a0                __divdf3
                0x080086a0                __aeabi_ddiv
 .text          0x08008870      0x110 c:/touchgfx/4.10.0/env/mingw/msys/1.0/gnu-arm-gcc/bin/../lib/gcc/arm-none-eabi/6.3.1/thumb/v7e-m/fpv5-sp/softfp\libgcc.a(_arm_cmpdf2.o)
                0x08008870                __gtdf2
                0x08008870                __gedf2
                0x08008878                __ltdf2
                0x08008878                __ledf2
                0x08008880                __nedf2
                0x08008880                __eqdf2
                0x08008880                __cmpdf2
                0x080088fc                __aeabi_cdrcmple
                0x0800890c                __aeabi_cdcmpeq
                0x0800890c                __aeabi_cdcmple
                0x0800891c                __aeabi_dcmpeq
                0x08008930                __aeabi_dcmplt
                0x08008944                __aeabi_dcmple
                0x08008958                __aeabi_dcmpge
                0x0800896c                __aeabi_dcmpgt
 .text          0x08008980       0x2c c:/touchgfx/4.10.0/env/mingw/msys/1.0/gnu-arm-gcc/bin/../lib/gcc/arm-none-eabi/6.3.1/thumb/v7e-m/fpv5-sp/softfp\libgcc.a(_arm_unorddf2.o)
                0x08008980                __unorddf2
                0x08008980                __aeabi_dcmpun
 .text          0x080089ac       0x50 c:/touchgfx/4.10.0/env/mingw/msys/1.0/gnu-arm-gcc/bin/../lib/gcc/arm-none-eabi/6.3.1/thumb/v7e-m/fpv5-sp/softfp\libgcc.a(_arm_fixdfsi.o)
                0x080089ac                __aeabi_d2iz
                0x080089ac                __fixdfsi
 *(.text*)
 .text._ZN16Screen1PresenterD2Ev
                0x080089fc        0x8 TouchGFX/build/ST/STM32F769I-DISCO/TouchGFX/gui/src/screen1_screen/Screen1Presenter.o
                0x080089fc                Screen1Presenter::~Screen1Presenter()
                0x080089fc                Screen1Presenter::~Screen1Presenter()
                0x080089fe                non-virtual thunk to Screen1Presenter::~Screen1Presenter()
 .text._ZN16Screen1Presenter10deactivateEv
                0x08008a04        0x2 TouchGFX/build/ST/STM32F769I-DISCO/TouchGFX/gui/src/screen1_screen/Screen1Presenter.o
                0x08008a04                Screen1Presenter::deactivate()
                0x08008a04                Screen1Presenter::activate()
 .text._ZN16Screen1PresenterD0Ev
                0x08008a06       0x14 TouchGFX/build/ST/STM32F769I-DISCO/TouchGFX/gui/src/screen1_screen/Screen1Presenter.o
                0x08008a06                Screen1Presenter::~Screen1Presenter()
                0x08008a14                non-virtual thunk to Screen1Presenter::~Screen1Presenter()
 *fill*         0x08008a1a        0x2 
 .text._ZN16Screen1PresenterC2ER11Screen1View
                0x08008a1c       0x1c TouchGFX/build/ST/STM32F769I-DISCO/TouchGFX/gui/src/screen1_screen/Screen1Presenter.o
                0x08008a1c                Screen1Presenter::Screen1Presenter(Screen1View&)
                0x08008a1c                Screen1Presenter::Screen1Presenter(Screen1View&)
 .text._ZN8touchgfx6Screen15afterTransitionEv
                0x08008a38        0x2 TouchGFX/build/ST/STM32F769I-DISCO/TouchGFX/gui/src/screen1_screen/Screen1View.o
                0x08008a38                touchgfx::Screen::afterTransition()
 .text._ZN8touchgfx6Screen15handleTickEventEv
                0x08008a3a        0x2 TouchGFX/build/ST/STM32F769I-DISCO/TouchGFX/gui/src/screen1_screen/Screen1View.o
                0x08008a3a                touchgfx::Screen::handleTickEvent()
 .text._ZN8touchgfx6Screen14handleKeyEventEh
                0x08008a3c        0x2 TouchGFX/build/ST/STM32F769I-DISCO/TouchGFX/gui/src/screen1_screen/Screen1View.o
                0x08008a3c                touchgfx::Screen::handleKeyEvent(unsigned char)
 .text._ZN15Screen1ViewBase13buttonClickedEv
                0x08008a3e        0x2 TouchGFX/build/ST/STM32F769I-DISCO/TouchGFX/gui/src/screen1_screen/Screen1View.o
                0x08008a3e                Screen1ViewBase::buttonClicked()
 .text._ZN11Screen1ViewD2Ev
                0x08008a40        0x2 TouchGFX/build/ST/STM32F769I-DISCO/TouchGFX/gui/src/screen1_screen/Screen1View.o
                0x08008a40                Screen1View::~Screen1View()
                0x08008a40                Screen1View::~Screen1View()
 .text._ZN11Screen1View14tearDownScreenEv
                0x08008a42        0x2 TouchGFX/build/ST/STM32F769I-DISCO/TouchGFX/gui/src/screen1_screen/Screen1View.o
                0x08008a42                Screen1View::tearDownScreen()
 .text._ZN11Screen1View11setupScreenEv
                0x08008a44        0x4 TouchGFX/build/ST/STM32F769I-DISCO/TouchGFX/gui/src/screen1_screen/Screen1View.o
                0x08008a44                Screen1View::setupScreen()
 .text._ZN11Screen1ViewD0Ev
                0x08008a48        0xe TouchGFX/build/ST/STM32F769I-DISCO/TouchGFX/gui/src/screen1_screen/Screen1View.o
                0x08008a48                Screen1View::~Screen1View()
 *fill*         0x08008a56        0x2 
 .text._ZN11Screen1ViewC2Ev
                0x08008a58       0x14 TouchGFX/build/ST/STM32F769I-DISCO/TouchGFX/gui/src/screen1_screen/Screen1View.o
                0x08008a58                Screen1View::Screen1View()
                0x08008a58                Screen1View::Screen1View()
 .text._ZN5ModelC2Ev
                0x08008a6c        0x6 TouchGFX/build/ST/STM32F769I-DISCO/TouchGFX/gui/src/model/Model.o
                0x08008a6c                Model::Model()
                0x08008a6c                Model::Model()
 .text._ZN5Model4tickEv
                0x08008a72        0x2 TouchGFX/build/ST/STM32F769I-DISCO/TouchGFX/gui/src/model/Model.o
                0x08008a72                Model::tick()
 .text._ZN8touchgfx11Application15appSwitchScreenEh
                0x08008a74        0x2 TouchGFX/build/ST/STM32F769I-DISCO/TouchGFX/gui/src/common/FrontendApplication.o
                0x08008a74                touchgfx::Application::appSwitchScreen(unsigned char)
 .text._ZN19FrontendApplicationD2Ev
                0x08008a76        0x2 TouchGFX/build/ST/STM32F769I-DISCO/TouchGFX/gui/src/common/FrontendApplication.o
                0x08008a76                FrontendApplication::~FrontendApplication()
                0x08008a76                FrontendApplication::~FrontendApplication()
 .text._ZN19FrontendApplicationD0Ev
                0x08008a78       0x10 TouchGFX/build/ST/STM32F769I-DISCO/TouchGFX/gui/src/common/FrontendApplication.o
                0x08008a78                FrontendApplication::~FrontendApplication()
 .text._ZN19FrontendApplication15handleTickEventEv
                0x08008a88       0x16 TouchGFX/build/ST/STM32F769I-DISCO/TouchGFX/gui/src/common/FrontendApplication.o
                0x08008a88                FrontendApplication::handleTickEvent()
 .text._ZN8touchgfx14MVPApplication29handlePendingScreenTransitionEv
                0x08008a9e       0x24 TouchGFX/build/ST/STM32F769I-DISCO/TouchGFX/gui/src/common/FrontendApplication.o
                0x08008a9e                touchgfx::MVPApplication::handlePendingScreenTransition()
 *fill*         0x08008ac2        0x2 
 .text._ZN19FrontendApplicationC2ER5ModelR12FrontendHeap
                0x08008ac4       0x14 TouchGFX/build/ST/STM32F769I-DISCO/TouchGFX/gui/src/common/FrontendApplication.o
                0x08008ac4                FrontendApplication::FrontendApplication(Model&, FrontendHeap&)
                0x08008ac4                FrontendApplication::FrontendApplication(Model&, FrontendHeap&)
 .text._ZN8touchgfx8Drawable11setPositionEssss
                0x08008ad8       0x28 TouchGFX/build/ST/STM32F769I-DISCO/TouchGFX/generated/gui_generated/src/screen1_screen/Screen1ViewBase.o
                0x08008ad8                touchgfx::Drawable::setPosition(short, short, short, short)
 .text._ZN8touchgfx8Drawable4setXEs
                0x08008b00        0x4 TouchGFX/build/ST/STM32F769I-DISCO/TouchGFX/generated/gui_generated/src/screen1_screen/Screen1ViewBase.o
                0x08008b00                touchgfx::Drawable::setX(short)
 .text._ZN8touchgfx8Drawable4setYEs
                0x08008b04        0x4 TouchGFX/build/ST/STM32F769I-DISCO/TouchGFX/generated/gui_generated/src/screen1_screen/Screen1ViewBase.o
                0x08008b04                touchgfx::Drawable::setY(short)
 .text._ZN8touchgfx8Drawable5setXYEss
                0x08008b08       0x1a TouchGFX/build/ST/STM32F769I-DISCO/TouchGFX/generated/gui_generated/src/screen1_screen/Screen1ViewBase.o
                0x08008b08                touchgfx::Drawable::setXY(short, short)
 .text._ZN8touchgfx8Drawable8setWidthEs
                0x08008b22        0x4 TouchGFX/build/ST/STM32F769I-DISCO/TouchGFX/generated/gui_generated/src/screen1_screen/Screen1ViewBase.o
                0x08008b22                touchgfx::Drawable::setWidth(short)
 .text._ZN8touchgfx8Drawable9setHeightEs
                0x08008b26        0x4 TouchGFX/build/ST/STM32F769I-DISCO/TouchGFX/generated/gui_generated/src/screen1_screen/Screen1ViewBase.o
                0x08008b26                touchgfx::Drawable::setHeight(short)
 .text._ZN8touchgfx8Drawable20childGeometryChangedEv
                0x08008b2a        0x2 TouchGFX/build/ST/STM32F769I-DISCO/TouchGFX/generated/gui_generated/src/screen1_screen/Screen1ViewBase.o
                0x08008b2a                touchgfx::Drawable::childGeometryChanged()
 .text._ZN8touchgfx8Drawable16handleClickEventERKNS_10ClickEventE
                0x08008b2c        0x2 TouchGFX/build/ST/STM32F769I-DISCO/TouchGFX/generated/gui_generated/src/screen1_screen/Screen1ViewBase.o
                0x08008b2c                touchgfx::Drawable::handleClickEvent(touchgfx::ClickEvent const&)
 .text._ZN8touchgfx8Drawable18handleGestureEventERKNS_12GestureEventE
                0x08008b2e        0x2 TouchGFX/build/ST/STM32F769I-DISCO/TouchGFX/generated/gui_generated/src/screen1_screen/Screen1ViewBase.o
                0x08008b2e                touchgfx::Drawable::handleGestureEvent(touchgfx::GestureEvent const&)
 .text._ZN8touchgfx8Drawable15handleDragEventERKNS_9DragEventE
                0x08008b30        0x2 TouchGFX/build/ST/STM32F769I-DISCO/TouchGFX/generated/gui_generated/src/screen1_screen/Screen1ViewBase.o
                0x08008b30                touchgfx::Drawable::handleDragEvent(touchgfx::DragEvent const&)
 .text._ZN8touchgfx8Drawable15handleTickEventEv
                0x08008b32        0x2 TouchGFX/build/ST/STM32F769I-DISCO/TouchGFX/generated/gui_generated/src/screen1_screen/Screen1ViewBase.o
                0x08008b32                touchgfx::Drawable::handleTickEvent()
 .text._ZN8touchgfx8Drawable6moveToEss
                0x08008b34       0x18 TouchGFX/build/ST/STM32F769I-DISCO/TouchGFX/generated/gui_generated/src/screen1_screen/Screen1ViewBase.o
                0x08008b34                touchgfx::Drawable::moveTo(short, short)
 .text._ZN8touchgfx8Drawable14setupDrawChainERKNS_4RectEPPS0_
                0x08008b4c       0x12 TouchGFX/build/ST/STM32F769I-DISCO/TouchGFX/generated/gui_generated/src/screen1_screen/Screen1ViewBase.o
                0x08008b4c                touchgfx::Drawable::setupDrawChain(touchgfx::Rect const&, touchgfx::Drawable**)
 .text._ZN8touchgfx6Screen11setupScreenEv
                0x08008b5e        0x2 TouchGFX/build/ST/STM32F769I-DISCO/TouchGFX/generated/gui_generated/src/screen1_screen/Screen1ViewBase.o
                0x08008b5e                touchgfx::Screen::setupScreen()
 .text._ZN8touchgfx6Screen14tearDownScreenEv
                0x08008b60        0x2 TouchGFX/build/ST/STM32F769I-DISCO/TouchGFX/generated/gui_generated/src/screen1_screen/Screen1ViewBase.o
                0x08008b60                touchgfx::Screen::tearDownScreen()
 .text._ZN8touchgfx6Widget12getLastChildEssPPNS_8DrawableE
                0x08008b62       0x10 TouchGFX/build/ST/STM32F769I-DISCO/TouchGFX/generated/gui_generated/src/screen1_screen/Screen1ViewBase.o
                0x08008b62                touchgfx::Widget::getLastChild(short, short, touchgfx::Drawable**)
 .text._ZN15Screen1ViewBaseD2Ev
                0x08008b72        0x2 TouchGFX/build/ST/STM32F769I-DISCO/TouchGFX/generated/gui_generated/src/screen1_screen/Screen1ViewBase.o
                0x08008b72                Screen1ViewBase::~Screen1ViewBase()
                0x08008b72                Screen1ViewBase::~Screen1ViewBase()
 .text._ZN15Screen1ViewBase11setupScreenEv
                0x08008b74        0x2 TouchGFX/build/ST/STM32F769I-DISCO/TouchGFX/generated/gui_generated/src/screen1_screen/Screen1ViewBase.o
                0x08008b74                Screen1ViewBase::setupScreen()
 .text._ZN8touchgfx8CallbackI15Screen1ViewBaseRKNS_14AbstractButtonEvvED2Ev
                0x08008b76        0x2 TouchGFX/build/ST/STM32F769I-DISCO/TouchGFX/generated/gui_generated/src/screen1_screen/Screen1ViewBase.o
                0x08008b76                touchgfx::Callback<Screen1ViewBase, touchgfx::AbstractButton const&, void, void>::~Callback()
                0x08008b76                touchgfx::Callback<Screen1ViewBase, touchgfx::AbstractButton const&, void, void>::~Callback()
 .text._ZN8touchgfx8CallbackI15Screen1ViewBaseRKNS_14AbstractButtonEvvE7executeES4_
                0x08008b78       0x20 TouchGFX/build/ST/STM32F769I-DISCO/TouchGFX/generated/gui_generated/src/screen1_screen/Screen1ViewBase.o
                0x08008b78                touchgfx::Callback<Screen1ViewBase, touchgfx::AbstractButton const&, void, void>::execute(touchgfx::AbstractButton const&)
 .text._ZNK8touchgfx8CallbackI15Screen1ViewBaseRKNS_14AbstractButtonEvvE7isValidEv
                0x08008b98       0x18 TouchGFX/build/ST/STM32F769I-DISCO/TouchGFX/generated/gui_generated/src/screen1_screen/Screen1ViewBase.o
                0x08008b98                touchgfx::Callback<Screen1ViewBase, touchgfx::AbstractButton const&, void, void>::isValid() const
 .text._ZN8touchgfx8CallbackI15Screen1ViewBaseRKNS_14AbstractButtonEvvED0Ev
                0x08008bb0        0xe TouchGFX/build/ST/STM32F769I-DISCO/TouchGFX/generated/gui_generated/src/screen1_screen/Screen1ViewBase.o
                0x08008bb0                touchgfx::Callback<Screen1ViewBase, touchgfx::AbstractButton const&, void, void>::~Callback()
 .text._ZN15Screen1ViewBaseD0Ev
                0x08008bbe        0xe TouchGFX/build/ST/STM32F769I-DISCO/TouchGFX/generated/gui_generated/src/screen1_screen/Screen1ViewBase.o
                0x08008bbe                Screen1ViewBase::~Screen1ViewBase()
 .text._ZN15Screen1ViewBase21buttonCallbackHandlerERKN8touchgfx14AbstractButtonE
                0x08008bcc       0x10 TouchGFX/build/ST/STM32F769I-DISCO/TouchGFX/generated/gui_generated/src/screen1_screen/Screen1ViewBase.o
                0x08008bcc                Screen1ViewBase::buttonCallbackHandler(touchgfx::AbstractButton const&)
 .text._ZN8touchgfx8DrawableC2Ev
                0x08008bdc       0x2c TouchGFX/build/ST/STM32F769I-DISCO/TouchGFX/generated/gui_generated/src/screen1_screen/Screen1ViewBase.o
                0x08008bdc                touchgfx::Drawable::Drawable()
                0x08008bdc                touchgfx::Drawable::Drawable()
 .text._ZN15Screen1ViewBaseC2Ev
                0x08008c08      0x134 TouchGFX/build/ST/STM32F769I-DISCO/TouchGFX/generated/gui_generated/src/screen1_screen/Screen1ViewBase.o
                0x08008c08                Screen1ViewBase::Screen1ViewBase()
                0x08008c08                Screen1ViewBase::Screen1ViewBase()
 .text._ZN8touchgfx10Transition8tearDownEv
                0x08008d3c        0x2 TouchGFX/build/ST/STM32F769I-DISCO/TouchGFX/generated/gui_generated/src/common/FrontendApplicationBase.o
                0x08008d3c                touchgfx::Transition::tearDown()
 .text._ZN8touchgfx10Transition4initEv
                0x08008d3e        0x2 TouchGFX/build/ST/STM32F769I-DISCO/TouchGFX/generated/gui_generated/src/common/FrontendApplicationBase.o
                0x08008d3e                touchgfx::Transition::init()
 .text._ZN8touchgfx10Transition18setScreenContainerERNS_9ContainerE
                0x08008d40        0x4 TouchGFX/build/ST/STM32F769I-DISCO/TouchGFX/generated/gui_generated/src/common/FrontendApplicationBase.o
                0x08008d40                touchgfx::Transition::setScreenContainer(touchgfx::Container&)
 .text._ZN23FrontendApplicationBaseD2Ev
                0x08008d44        0x2 TouchGFX/build/ST/STM32F769I-DISCO/TouchGFX/generated/gui_generated/src/common/FrontendApplicationBase.o
                0x08008d44                FrontendApplicationBase::~FrontendApplicationBase()
                0x08008d44                FrontendApplicationBase::~FrontendApplicationBase()
 .text._ZN8touchgfx12NoTransitionD2Ev
                0x08008d46        0x2 TouchGFX/build/ST/STM32F769I-DISCO/TouchGFX/generated/gui_generated/src/common/FrontendApplicationBase.o
                0x08008d46                touchgfx::NoTransition::~NoTransition()
                0x08008d46                touchgfx::NoTransition::~NoTransition()
 .text._ZN8touchgfx12NoTransition15handleTickEventEv
                0x08008d48        0x6 TouchGFX/build/ST/STM32F769I-DISCO/TouchGFX/generated/gui_generated/src/common/FrontendApplicationBase.o
                0x08008d48                touchgfx::NoTransition::handleTickEvent()
 .text._ZN8touchgfx8CallbackI23FrontendApplicationBasevvvED2Ev
                0x08008d4e        0x2 TouchGFX/build/ST/STM32F769I-DISCO/TouchGFX/generated/gui_generated/src/common/FrontendApplicationBase.o
                0x08008d4e                touchgfx::Callback<FrontendApplicationBase, void, void, void>::~Callback()
                0x08008d4e                touchgfx::Callback<FrontendApplicationBase, void, void, void>::~Callback()
 .text._ZN8touchgfx8CallbackI23FrontendApplicationBasevvvE7executeEv
                0x08008d50       0x1a TouchGFX/build/ST/STM32F769I-DISCO/TouchGFX/generated/gui_generated/src/common/FrontendApplicationBase.o
                0x08008d50                touchgfx::Callback<FrontendApplicationBase, void, void, void>::execute()
 .text._ZNK8touchgfx8CallbackI23FrontendApplicationBasevvvE7isValidEv
                0x08008d6a       0x18 TouchGFX/build/ST/STM32F769I-DISCO/TouchGFX/generated/gui_generated/src/common/FrontendApplicationBase.o
                0x08008d6a                touchgfx::Callback<FrontendApplicationBase, void, void, void>::isValid() const
 .text._ZN8touchgfx12NoTransitionD0Ev
                0x08008d82        0xe TouchGFX/build/ST/STM32F769I-DISCO/TouchGFX/generated/gui_generated/src/common/FrontendApplicationBase.o
                0x08008d82                touchgfx::NoTransition::~NoTransition()
 .text._ZN23FrontendApplicationBaseD0Ev
                0x08008d90       0x10 TouchGFX/build/ST/STM32F769I-DISCO/TouchGFX/generated/gui_generated/src/common/FrontendApplicationBase.o
                0x08008d90                FrontendApplicationBase::~FrontendApplicationBase()
 .text._ZN8touchgfx8CallbackI23FrontendApplicationBasevvvED0Ev
                0x08008da0        0xe TouchGFX/build/ST/STM32F769I-DISCO/TouchGFX/generated/gui_generated/src/common/FrontendApplicationBase.o
                0x08008da0                touchgfx::Callback<FrontendApplicationBase, void, void, void>::~Callback()
 *fill*         0x08008dae        0x2 
 .text._ZN23FrontendApplicationBaseC2ER5ModelR12FrontendHeap
                0x08008db0       0x48 TouchGFX/build/ST/STM32F769I-DISCO/TouchGFX/generated/gui_generated/src/common/FrontendApplicationBase.o
                0x08008db0                FrontendApplicationBase::FrontendApplicationBase(Model&, FrontendHeap&)
                0x08008db0                FrontendApplicationBase::FrontendApplicationBase(Model&, FrontendHeap&)
 .text._ZN23FrontendApplicationBase29gotoScreen1ScreenNoTransitionEv
                0x08008df8       0x20 TouchGFX/build/ST/STM32F769I-DISCO/TouchGFX/generated/gui_generated/src/common/FrontendApplicationBase.o
                0x08008df8                FrontendApplicationBase::gotoScreen1ScreenNoTransition()
 .text._ZN8touchgfx14makeTransitionI11Screen1View16Screen1PresenterNS_12NoTransitionE5ModelEEPT0_PPNS_6ScreenEPPNS_9PresenterERNS_7MVPHeapEPPNS_10TransitionEPT2_
                0x08008e18      0x140 TouchGFX/build/ST/STM32F769I-DISCO/TouchGFX/generated/gui_generated/src/common/FrontendApplicationBase.o
                0x08008e18                Screen1Presenter* touchgfx::makeTransition<Screen1View, Screen1Presenter, touchgfx::NoTransition, Model>(touchgfx::Screen**, touchgfx::Presenter**, touchgfx::MVPHeap&, touchgfx::Transition**, Model*)
 .text._ZN23FrontendApplicationBase33gotoScreen1ScreenNoTransitionImplEv
                0x08008f58       0x28 TouchGFX/build/ST/STM32F769I-DISCO/TouchGFX/generated/gui_generated/src/common/FrontendApplicationBase.o
                0x08008f58                FrontendApplicationBase::gotoScreen1ScreenNoTransitionImpl()
 .text._ZN8touchgfx17InternalFlashFontD2Ev
                0x08008f80        0x2 TouchGFX/build/ST/STM32F769I-DISCO/TouchGFX/generated/fonts/src/FontGetters.o
                0x08008f80                touchgfx::InternalFlashFont::~InternalFlashFont()
                0x08008f80                touchgfx::InternalFlashFont::~InternalFlashFont()
 *fill*         0x08008f82        0x2 
 .text._Z23getFont_verdana_10_4bppv
                0x08008f84       0x70 TouchGFX/build/ST/STM32F769I-DISCO/TouchGFX/generated/fonts/src/FontGetters.o
                0x08008f84                getFont_verdana_10_4bpp()
 .text._Z23getFont_verdana_20_4bppv
                0x08008ff4       0x70 TouchGFX/build/ST/STM32F769I-DISCO/TouchGFX/generated/fonts/src/FontGetters.o
                0x08008ff4                getFont_verdana_20_4bpp()
 .text._Z23getFont_verdana_40_4bppv
                0x08009064       0x70 TouchGFX/build/ST/STM32F769I-DISCO/TouchGFX/generated/fonts/src/FontGetters.o
                0x08009064                getFont_verdana_40_4bpp()
 .text._ZN8touchgfx17InternalFlashFontD0Ev
                0x080090d4        0xe TouchGFX/build/ST/STM32F769I-DISCO/TouchGFX/generated/fonts/src/FontGetters.o
                0x080090d4                touchgfx::InternalFlashFont::~InternalFlashFont()
 .text._ZN23ApplicationFontProviderD2Ev
                0x080090e2        0x2 TouchGFX/build/ST/STM32F769I-DISCO/TouchGFX/generated/fonts/src/ApplicationFontProvider.o
                0x080090e2                ApplicationFontProvider::~ApplicationFontProvider()
                0x080090e2                ApplicationFontProvider::~ApplicationFontProvider()
 .text._ZN23ApplicationFontProvider7getFontEt
                0x080090e4       0x1a TouchGFX/build/ST/STM32F769I-DISCO/TouchGFX/generated/fonts/src/ApplicationFontProvider.o
                0x080090e4                ApplicationFontProvider::getFont(unsigned short)
 .text._ZN23ApplicationFontProviderD0Ev
                0x080090fe        0xe TouchGFX/build/ST/STM32F769I-DISCO/TouchGFX/generated/fonts/src/ApplicationFontProvider.o
                0x080090fe                ApplicationFontProvider::~ApplicationFontProvider()
 .text._ZN14BitmapDatabase11getInstanceEv
                0x0800910c        0x8 TouchGFX/build/ST/STM32F769I-DISCO/TouchGFX/generated/images/src/BitmapDatabase.o
                0x0800910c                BitmapDatabase::getInstance()
 .text._ZN14BitmapDatabase15getInstanceSizeEv
                0x08009114        0x4 TouchGFX/build/ST/STM32F769I-DISCO/TouchGFX/generated/images/src/BitmapDatabase.o
                0x08009114                BitmapDatabase::getInstanceSize()
 .text._ZN17TypedTextDatabase11getInstanceEt
                0x08009118        0x8 TouchGFX/build/ST/STM32F769I-DISCO/TouchGFX/generated/texts/src/TypedTextDatabase.o
                0x08009118                TypedTextDatabase::getInstance(unsigned short)
 .text._ZN17TypedTextDatabase15getInstanceSizeEv
                0x08009120        0x4 TouchGFX/build/ST/STM32F769I-DISCO/TouchGFX/generated/texts/src/TypedTextDatabase.o
                0x08009120                TypedTextDatabase::getInstanceSize()
 .text._ZN17TypedTextDatabase8getFontsEv
                0x08009124        0x8 TouchGFX/build/ST/STM32F769I-DISCO/TouchGFX/generated/texts/src/TypedTextDatabase.o
                0x08009124                TypedTextDatabase::getFonts()
 .text.startup._GLOBAL__sub_I__ZN17TypedTextDatabase11getInstanceEt
                0x0800912c       0x1c TouchGFX/build/ST/STM32F769I-DISCO/TouchGFX/generated/texts/src/TypedTextDatabase.o
 .text._ZN8touchgfx5Texts11setLanguageEt
                0x08009148       0x40 TouchGFX/build/ST/STM32F769I-DISCO/TouchGFX/generated/texts/src/Texts.o
                0x08009148                touchgfx::Texts::setLanguage(unsigned short)
 .text.startup._GLOBAL__sub_I__ZN8touchgfx4Font22getStringWidthFunctionE
                0x08009188        0xc TouchGFX/build/ST/STM32F769I-DISCO/TouchGFX/generated/texts/src/Texts.o
 .text._ZL12IdleTaskHookPv
                0x08009194       0x18 TouchGFX/build/ST/STM32F769I-DISCO/touchgfx/os/OSWrappers.o
 .text._ZN8touchgfx10OSWrappers10initializeEv
                0x080091ac       0x34 TouchGFX/build/ST/STM32F769I-DISCO/touchgfx/os/OSWrappers.o
                0x080091ac                touchgfx::OSWrappers::initialize()
 .text._ZN8touchgfx10OSWrappers24takeFrameBufferSemaphoreEv
                0x080091e0       0x14 TouchGFX/build/ST/STM32F769I-DISCO/touchgfx/os/OSWrappers.o
                0x080091e0                touchgfx::OSWrappers::takeFrameBufferSemaphore()
 .text._ZN8touchgfx10OSWrappers24giveFrameBufferSemaphoreEv
                0x080091f4       0x14 TouchGFX/build/ST/STM32F769I-DISCO/touchgfx/os/OSWrappers.o
                0x080091f4                touchgfx::OSWrappers::giveFrameBufferSemaphore()
 .text._ZN8touchgfx10OSWrappers27tryTakeFrameBufferSemaphoreEv
                0x08009208       0x14 TouchGFX/build/ST/STM32F769I-DISCO/touchgfx/os/OSWrappers.o
                0x08009208                touchgfx::OSWrappers::tryTakeFrameBufferSemaphore()
 .text._ZN8touchgfx10OSWrappers31giveFrameBufferSemaphoreFromISREv
                0x0800921c       0x34 TouchGFX/build/ST/STM32F769I-DISCO/touchgfx/os/OSWrappers.o
                0x0800921c                touchgfx::OSWrappers::giveFrameBufferSemaphoreFromISR()
 .text._ZN8touchgfx10OSWrappers11signalVSyncEv
                0x08009250       0x3c TouchGFX/build/ST/STM32F769I-DISCO/touchgfx/os/OSWrappers.o
                0x08009250                touchgfx::OSWrappers::signalVSync()
 .text._ZN8touchgfx10OSWrappers12waitForVSyncEv
                0x0800928c       0x2c TouchGFX/build/ST/STM32F769I-DISCO/touchgfx/os/OSWrappers.o
                0x0800928c                touchgfx::OSWrappers::waitForVSync()
 .text.vApplicationStackOverflowHook
                0x080092b8        0x2 TouchGFX/build/ST/STM32F769I-DISCO/touchgfx/os/OSWrappers.o
                0x080092b8                vApplicationStackOverflowHook
 .text.vApplicationMallocFailedHook
                0x080092ba        0x2 TouchGFX/build/ST/STM32F769I-DISCO/touchgfx/os/OSWrappers.o
                0x080092ba                vApplicationMallocFailedHook
 .text.vApplicationIdleHook
                0x080092bc        0xc TouchGFX/build/ST/STM32F769I-DISCO/touchgfx/os/OSWrappers.o
                0x080092bc                vApplicationIdleHook
 .text._Z16StartDefaultTaskPKv
                0x080092c8        0xe TouchGFX/build/ST/STM32F769I-DISCO/Core/Src/main.o
                0x080092c8                StartDefaultTask(void const*)
 *fill*         0x080092d6        0x2 
 .text.SystemClock_Config
                0x080092d8       0xd8 TouchGFX/build/ST/STM32F769I-DISCO/Core/Src/main.o
                0x080092d8                SystemClock_Config
 .text.startup.main
                0x080093b0      0x594 TouchGFX/build/ST/STM32F769I-DISCO/Core/Src/main.o
                0x080093b0                main
 .text.HAL_TIM_PeriodElapsedCallback
                0x08009944       0x14 TouchGFX/build/ST/STM32F769I-DISCO/Core/Src/main.o
                0x08009944                HAL_TIM_PeriodElapsedCallback
 .text.Error_Handler
                0x08009958        0x2 TouchGFX/build/ST/STM32F769I-DISCO/Core/Src/main.o
                0x08009958                Error_Handler
 .text._ZN8touchgfx18MCUInstrumentation13getCCConsumedEv
                0x0800995a        0x4 TouchGFX/build/ST/STM32F769I-DISCO/TouchGFX/target/STM32F7Instrumentation.o
                0x0800995a                touchgfx::MCUInstrumentation::getCCConsumed()
 .text._ZN8touchgfx18MCUInstrumentation13setCCConsumedEm
                0x0800995e        0x4 TouchGFX/build/ST/STM32F769I-DISCO/TouchGFX/target/STM32F7Instrumentation.o
                0x0800995e                touchgfx::MCUInstrumentation::setCCConsumed(unsigned long)
 .text._ZN8touchgfx22STM32F7Instrumentation12getElapsedUSEjjj
                0x08009962        0xc TouchGFX/build/ST/STM32F769I-DISCO/TouchGFX/target/STM32F7Instrumentation.o
                0x08009962                touchgfx::STM32F7Instrumentation::getElapsedUS(unsigned int, unsigned int, unsigned int)
 *fill*         0x0800996e        0x2 
 .text._ZN8touchgfx22STM32F7Instrumentation12getCPUCyclesEv
                0x08009970       0x10 TouchGFX/build/ST/STM32F769I-DISCO/TouchGFX/target/STM32F7Instrumentation.o
                0x08009970                touchgfx::STM32F7Instrumentation::getCPUCycles()
 .text._ZN8touchgfx22STM32F7InstrumentationD2Ev
                0x08009980        0x2 TouchGFX/build/ST/STM32F769I-DISCO/TouchGFX/target/STM32F7Instrumentation.o
                0x08009980                touchgfx::STM32F7Instrumentation::~STM32F7Instrumentation()
                0x08009980                touchgfx::STM32F7Instrumentation::~STM32F7Instrumentation()
 *fill*         0x08009982        0x2 
 .text._ZN8touchgfx22STM32F7Instrumentation4initEv
                0x08009984       0xb0 TouchGFX/build/ST/STM32F769I-DISCO/TouchGFX/target/STM32F7Instrumentation.o
                0x08009984                touchgfx::STM32F7Instrumentation::init()
 .text._ZN8touchgfx22STM32F7InstrumentationD0Ev
                0x08009a34        0xe TouchGFX/build/ST/STM32F769I-DISCO/TouchGFX/target/STM32F7Instrumentation.o
                0x08009a34                touchgfx::STM32F7Instrumentation::~STM32F7Instrumentation()
 .text._ZN8touchgfx22STM32F7Instrumentation12setMCUActiveEb
                0x08009a42       0x1e TouchGFX/build/ST/STM32F769I-DISCO/TouchGFX/target/STM32F7Instrumentation.o
                0x08009a42                touchgfx::STM32F7Instrumentation::setMCUActive(bool)
 .text._ZN22OTM8009TouchControllerD2Ev
                0x08009a60        0x2 TouchGFX/build/ST/STM32F769I-DISCO/TouchGFX/target/OTM8009TouchController.o
                0x08009a60                OTM8009TouchController::~OTM8009TouchController()
                0x08009a60                OTM8009TouchController::~OTM8009TouchController()
 .text._ZN22OTM8009TouchController4initEv
                0x08009a62       0x18 TouchGFX/build/ST/STM32F769I-DISCO/TouchGFX/target/OTM8009TouchController.o
                0x08009a62                OTM8009TouchController::init()
 .text._ZN22OTM8009TouchController11sampleTouchERlS0_
                0x08009a7a       0x26 TouchGFX/build/ST/STM32F769I-DISCO/TouchGFX/target/OTM8009TouchController.o
                0x08009a7a                OTM8009TouchController::sampleTouch(long&, long&)
 .text._ZN22OTM8009TouchControllerD0Ev
                0x08009aa0        0xe TouchGFX/build/ST/STM32F769I-DISCO/TouchGFX/target/OTM8009TouchController.o
                0x08009aa0                OTM8009TouchController::~OTM8009TouchController()
 .text._ZN8touchgfx13DMA_Interface5flushEv
                0x08009aae        0x6 TouchGFX/build/ST/STM32F769I-DISCO/TouchGFX/target/STM32F7DMA.o
                0x08009aae                touchgfx::DMA_Interface::flush()
 .text._ZN10STM32F7DMA18signalDMAInterruptEv
                0x08009ab4        0x6 TouchGFX/build/ST/STM32F769I-DISCO/TouchGFX/target/STM32F7DMA.o
                0x08009ab4                STM32F7DMA::signalDMAInterrupt()
 .text.DMA2D_XferErrorCallback
                0x08009aba        0x2 TouchGFX/build/ST/STM32F769I-DISCO/TouchGFX/target/STM32F7DMA.o
 .text._ZN10STM32F7DMA11getBlitCapsEv
                0x08009abc       0x14 TouchGFX/build/ST/STM32F769I-DISCO/TouchGFX/target/STM32F7DMA.o
                0x08009abc                STM32F7DMA::getBlitCaps()
 .text._ZN10STM32F7DMA5startEv
                0x08009ad0        0x4 TouchGFX/build/ST/STM32F769I-DISCO/TouchGFX/target/STM32F7DMA.o
                0x08009ad0                STM32F7DMA::start()
 .text._ZN10STM32F7DMAD2Ev
                0x08009ad4       0x28 TouchGFX/build/ST/STM32F769I-DISCO/TouchGFX/target/STM32F7DMA.o
                0x08009ad4                STM32F7DMA::~STM32F7DMA()
                0x08009ad4                STM32F7DMA::~STM32F7DMA()
 .text._ZN10STM32F7DMAD0Ev
                0x08009afc       0x16 TouchGFX/build/ST/STM32F769I-DISCO/TouchGFX/target/STM32F7DMA.o
                0x08009afc                STM32F7DMA::~STM32F7DMA()
 *fill*         0x08009b12        0x2 
 .text._ZN10STM32F7DMA10initializeEv
                0x08009b14       0x34 TouchGFX/build/ST/STM32F769I-DISCO/TouchGFX/target/STM32F7DMA.o
                0x08009b14                STM32F7DMA::initialize()
 .text.DMA2D_XferCpltCallback
                0x08009b48       0x10 TouchGFX/build/ST/STM32F769I-DISCO/TouchGFX/target/STM32F7DMA.o
 .text._ZN10STM32F7DMA13setupDataCopyERKN8touchgfx6BlitOpE
                0x08009b58      0x1b0 TouchGFX/build/ST/STM32F769I-DISCO/TouchGFX/target/STM32F7DMA.o
                0x08009b58                STM32F7DMA::setupDataCopy(touchgfx::BlitOp const&)
 .text._ZN10STM32F7DMA13setupDataFillERKN8touchgfx6BlitOpE
                0x08009d08      0x114 TouchGFX/build/ST/STM32F769I-DISCO/TouchGFX/target/STM32F7DMA.o
                0x08009d08                STM32F7DMA::setupDataFill(touchgfx::BlitOp const&)
 .text._ZN10STM32F7DMAC2Ev
                0x08009e1c       0x34 TouchGFX/build/ST/STM32F769I-DISCO/TouchGFX/target/STM32F7DMA.o
                0x08009e1c                STM32F7DMA::STM32F7DMA()
                0x08009e1c                STM32F7DMA::STM32F7DMA()
 .text._ZN8touchgfx3HAL21setDisplayOrientationENS_18DisplayOrientationE
                0x08009e50        0xc TouchGFX/build/ST/STM32F769I-DISCO/TouchGFX/target/STM32F7HAL_DSI.o
                0x08009e50                touchgfx::HAL::setDisplayOrientation(touchgfx::DisplayOrientation)
 .text._ZN8touchgfx3HAL11getBlitCapsEv
                0x08009e5c        0x8 TouchGFX/build/ST/STM32F769I-DISCO/TouchGFX/target/STM32F7HAL_DSI.o
                0x08009e5c                touchgfx::HAL::getBlitCaps()
 .text._ZN8touchgfx3HAL9sampleKeyERh
                0x08009e64        0x4 TouchGFX/build/ST/STM32F769I-DISCO/TouchGFX/target/STM32F7HAL_DSI.o
                0x08009e64                touchgfx::HAL::sampleKey(unsigned char&)
 .text._ZN8touchgfx3HAL9taskDelayEt
                0x08009e68        0xa TouchGFX/build/ST/STM32F769I-DISCO/TouchGFX/target/STM32F7HAL_DSI.o
                0x08009e68                touchgfx::HAL::taskDelay(unsigned short)
 .text._ZN8touchgfx3HAL17getTFTCurrentLineEv
                0x08009e72        0x6 TouchGFX/build/ST/STM32F769I-DISCO/TouchGFX/target/STM32F7HAL_DSI.o
                0x08009e72                touchgfx::HAL::getTFTCurrentLine()
 .text._ZNK14STM32F7HAL_DSI17getTFTFrameBufferEv
                0x08009e78        0xc TouchGFX/build/ST/STM32F769I-DISCO/TouchGFX/target/STM32F7HAL_DSI.o
                0x08009e78                STM32F7HAL_DSI::getTFTFrameBuffer() const
 .text._ZN14STM32F7HAL_DSI19configureInterruptsEv
                0x08009e84       0x14 TouchGFX/build/ST/STM32F769I-DISCO/TouchGFX/target/STM32F7HAL_DSI.o
                0x08009e84                STM32F7HAL_DSI::configureInterrupts()
 .text._ZN14STM32F7HAL_DSI17disableInterruptsEv
                0x08009e98       0x18 TouchGFX/build/ST/STM32F769I-DISCO/TouchGFX/target/STM32F7HAL_DSI.o
                0x08009e98                STM32F7HAL_DSI::disableInterrupts()
 .text._ZN14STM32F7HAL_DSI16enableInterruptsEv
                0x08009eb0       0x14 TouchGFX/build/ST/STM32F769I-DISCO/TouchGFX/target/STM32F7HAL_DSI.o
                0x08009eb0                STM32F7HAL_DSI::enableInterrupts()
 .text._ZN14STM32F7HAL_DSID2Ev
                0x08009ec4        0x2 TouchGFX/build/ST/STM32F769I-DISCO/TouchGFX/target/STM32F7HAL_DSI.o
                0x08009ec4                STM32F7HAL_DSI::~STM32F7HAL_DSI()
                0x08009ec4                STM32F7HAL_DSI::~STM32F7HAL_DSI()
 *fill*         0x08009ec6        0x2 
 .text._ZN8touchgfx3HAL28setFrameBufferStartAddressesEPvS1_S1_
                0x08009ec8       0x44 TouchGFX/build/ST/STM32F769I-DISCO/TouchGFX/target/STM32F7HAL_DSI.o
                0x08009ec8                touchgfx::HAL::setFrameBufferStartAddresses(void*, void*, void*)
 .text._ZN14STM32F7HAL_DSI28enableLCDControllerInterruptEv
                0x08009f0c       0x40 TouchGFX/build/ST/STM32F769I-DISCO/TouchGFX/target/STM32F7HAL_DSI.o
                0x08009f0c                STM32F7HAL_DSI::enableLCDControllerInterrupt()
 .text._ZN14STM32F7HAL_DSI10beginFrameEv
                0x08009f4c       0x10 TouchGFX/build/ST/STM32F769I-DISCO/TouchGFX/target/STM32F7HAL_DSI.o
                0x08009f4c                STM32F7HAL_DSI::beginFrame()
 .text._ZN14STM32F7HAL_DSI8endFrameEv
                0x08009f5c       0x1c TouchGFX/build/ST/STM32F769I-DISCO/TouchGFX/target/STM32F7HAL_DSI.o
                0x08009f5c                STM32F7HAL_DSI::endFrame()
 .text._ZN8touchgfx3HAL15backPorchExitedEv
                0x08009f78       0x16 TouchGFX/build/ST/STM32F769I-DISCO/TouchGFX/target/STM32F7HAL_DSI.o
                0x08009f78                touchgfx::HAL::backPorchExited()
 .text._ZN14STM32F7HAL_DSID0Ev
                0x08009f8e        0xe TouchGFX/build/ST/STM32F769I-DISCO/TouchGFX/target/STM32F7HAL_DSI.o
                0x08009f8e                STM32F7HAL_DSI::~STM32F7HAL_DSI()
 .text._ZN8touchgfx3HAL31performDisplayOrientationChangeEv
                0x08009f9c       0x60 TouchGFX/build/ST/STM32F769I-DISCO/TouchGFX/target/STM32F7HAL_DSI.o
                0x08009f9c                touchgfx::HAL::performDisplayOrientationChange()
 .text._ZN14STM32F7HAL_DSI17setTFTFrameBufferEPt
                0x08009ffc       0x48 TouchGFX/build/ST/STM32F769I-DISCO/TouchGFX/target/STM32F7HAL_DSI.o
                0x08009ffc                STM32F7HAL_DSI::setTFTFrameBuffer(unsigned short*)
 .text._ZN14STM32F7HAL_DSI26setFrameBufferStartAddressEPvtbb
                0x0800a044       0x9c TouchGFX/build/ST/STM32F769I-DISCO/TouchGFX/target/STM32F7HAL_DSI.o
                0x0800a044                STM32F7HAL_DSI::setFrameBufferStartAddress(void*, unsigned short, bool, bool)
 .text._ZN8touchgfx3HAL17frontPorchEnteredEv
                0x0800a0e0        0x6 TouchGFX/build/ST/STM32F769I-DISCO/TouchGFX/target/STM32F7HAL_DSI.o
                0x0800a0e0                touchgfx::HAL::frontPorchEntered()
 *fill*         0x0800a0e6        0x2 
 .text.HAL_DSI_TearingEffectCallback
                0x0800a0e8       0x90 TouchGFX/build/ST/STM32F769I-DISCO/TouchGFX/target/STM32F7HAL_DSI.o
                0x0800a0e8                HAL_DSI_TearingEffectCallback
 .text.HAL_DSI_EndOfRefreshCallback
                0x0800a178      0x12c TouchGFX/build/ST/STM32F769I-DISCO/TouchGFX/target/STM32F7HAL_DSI.o
                0x0800a178                HAL_DSI_EndOfRefreshCallback
 .text._ZN8touchgfx4GPIO4initEv
                0x0800a2a4        0x2 TouchGFX/build/ST/STM32F769I-DISCO/TouchGFX/target/GPIO.o
                0x0800a2a4                touchgfx::GPIO::init()
 .text._ZN8touchgfx4GPIO3setENS0_7GPIO_IDE
                0x0800a2a6        0x2 TouchGFX/build/ST/STM32F769I-DISCO/TouchGFX/target/GPIO.o
                0x0800a2a6                touchgfx::GPIO::set(touchgfx::GPIO::GPIO_ID)
 .text._ZN8touchgfx4GPIO5clearENS0_7GPIO_IDE
                0x0800a2a8        0x2 TouchGFX/build/ST/STM32F769I-DISCO/TouchGFX/target/GPIO.o
                0x0800a2a8                touchgfx::GPIO::clear(touchgfx::GPIO::GPIO_ID)
 .text._ZN8touchgfx4GPIO6toggleENS0_7GPIO_IDE
                0x0800a2aa        0x2 TouchGFX/build/ST/STM32F769I-DISCO/TouchGFX/target/GPIO.o
                0x0800a2aa                touchgfx::GPIO::toggle(touchgfx::GPIO::GPIO_ID)
 .text._Z11MX_LCD_Initv
                0x0800a2ac       0xb8 TouchGFX/build/ST/STM32F769I-DISCO/TouchGFX/target/HW_Init.o
                0x0800a2ac                MX_LCD_Init()
 .text._Z11MX_FMC_Initv
                0x0800a364       0x60 TouchGFX/build/ST/STM32F769I-DISCO/TouchGFX/target/HW_Init.o
                0x0800a364                MX_FMC_Init()
 .text._Z15MX_SDRAM_InitExv
                0x0800a3c4       0x98 TouchGFX/build/ST/STM32F769I-DISCO/TouchGFX/target/HW_Init.o
                0x0800a3c4                MX_SDRAM_InitEx()
 .text._Z11MX_DSI_Initv
                0x0800a45c      0x190 TouchGFX/build/ST/STM32F769I-DISCO/TouchGFX/target/HW_Init.o
                0x0800a45c                MX_DSI_Init()
 .text.HAL_LTDC_MspInit
                0x0800a5ec       0x3c TouchGFX/build/ST/STM32F769I-DISCO/TouchGFX/target/HW_Init.o
                0x0800a5ec                HAL_LTDC_MspInit
 .text.HAL_LTDC_MspDeInit
                0x0800a628       0x24 TouchGFX/build/ST/STM32F769I-DISCO/TouchGFX/target/HW_Init.o
                0x0800a628                HAL_LTDC_MspDeInit
 .text.HAL_DSI_MspInit
                0x0800a64c       0x58 TouchGFX/build/ST/STM32F769I-DISCO/TouchGFX/target/HW_Init.o
                0x0800a64c                HAL_DSI_MspInit
 .text.HAL_DMA2D_MspInit
                0x0800a6a4       0x3c TouchGFX/build/ST/STM32F769I-DISCO/TouchGFX/target/HW_Init.o
                0x0800a6a4                HAL_DMA2D_MspInit
 .text.HAL_DMA2D_MspDeInit
                0x0800a6e0       0x24 TouchGFX/build/ST/STM32F769I-DISCO/TouchGFX/target/HW_Init.o
                0x0800a6e0                HAL_DMA2D_MspDeInit
 .text.HAL_SDRAM_MspInit
                0x0800a704       0xd4 TouchGFX/build/ST/STM32F769I-DISCO/TouchGFX/target/HW_Init.o
                0x0800a704                HAL_SDRAM_MspInit
 .text._ZN8touchgfx8LCD24bppD2Ev
                0x0800a7d8        0x2 TouchGFX/build/ST/STM32F769I-DISCO/TouchGFX/target/BoardConfiguration.o
                0x0800a7d8                touchgfx::LCD24bpp::~LCD24bpp()
                0x0800a7d8                touchgfx::LCD24bpp::~LCD24bpp()
 .text._ZNK8touchgfx9PartitionINS_4meta8TypeListINS_12NoTransitionENS2_INS1_3NilES4_EEEELt1EE8capacityEv
                0x0800a7da        0x4 TouchGFX/build/ST/STM32F769I-DISCO/TouchGFX/target/BoardConfiguration.o
                0x0800a7da                touchgfx::Partition<touchgfx::meta::TypeList<touchgfx::NoTransition, touchgfx::meta::TypeList<touchgfx::meta::Nil, touchgfx::meta::Nil> >, (unsigned short)1>::capacity() const
 .text._ZN8touchgfx9PartitionINS_4meta8TypeListINS_12NoTransitionENS2_INS1_3NilES4_EEEELt1EE12element_sizeEv
                0x0800a7de        0x4 TouchGFX/build/ST/STM32F769I-DISCO/TouchGFX/target/BoardConfiguration.o
                0x0800a7de                touchgfx::Partition<touchgfx::meta::TypeList<touchgfx::NoTransition, touchgfx::meta::TypeList<touchgfx::meta::Nil, touchgfx::meta::Nil> >, (unsigned short)1>::element_size()
 .text._ZN8touchgfx9PartitionINS_4meta8TypeListINS_12NoTransitionENS2_INS1_3NilES4_EEEELt1EE7elementEt
                0x0800a7e2        0xa TouchGFX/build/ST/STM32F769I-DISCO/TouchGFX/target/BoardConfiguration.o
                0x0800a7e2                touchgfx::Partition<touchgfx::meta::TypeList<touchgfx::NoTransition, touchgfx::meta::TypeList<touchgfx::meta::Nil, touchgfx::meta::Nil> >, (unsigned short)1>::element(unsigned short)
 .text._ZNK8touchgfx9PartitionINS_4meta8TypeListINS_12NoTransitionENS2_INS1_3NilES4_EEEELt1EE7elementEt
                0x0800a7ec        0xa TouchGFX/build/ST/STM32F769I-DISCO/TouchGFX/target/BoardConfiguration.o
                0x0800a7ec                touchgfx::Partition<touchgfx::meta::TypeList<touchgfx::NoTransition, touchgfx::meta::TypeList<touchgfx::meta::Nil, touchgfx::meta::Nil> >, (unsigned short)1>::element(unsigned short) const
 .text._ZNK8touchgfx9PartitionINS_4meta8TypeListI11Screen1ViewNS2_INS1_3NilES4_EEEELt1EE8capacityEv
                0x0800a7f6        0x4 TouchGFX/build/ST/STM32F769I-DISCO/TouchGFX/target/BoardConfiguration.o
                0x0800a7f6                touchgfx::Partition<touchgfx::meta::TypeList<Screen1View, touchgfx::meta::TypeList<touchgfx::meta::Nil, touchgfx::meta::Nil> >, (unsigned short)1>::capacity() const
 .text._ZN8touchgfx9PartitionINS_4meta8TypeListI11Screen1ViewNS2_INS1_3NilES4_EEEELt1EE12element_sizeEv
                0x0800a7fa        0x4 TouchGFX/build/ST/STM32F769I-DISCO/TouchGFX/target/BoardConfiguration.o
                0x0800a7fa                touchgfx::Partition<touchgfx::meta::TypeList<Screen1View, touchgfx::meta::TypeList<touchgfx::meta::Nil, touchgfx::meta::Nil> >, (unsigned short)1>::element_size()
 .text._ZN8touchgfx9PartitionINS_4meta8TypeListI11Screen1ViewNS2_INS1_3NilES4_EEEELt1EE7elementEt
                0x0800a7fe        0xa TouchGFX/build/ST/STM32F769I-DISCO/TouchGFX/target/BoardConfiguration.o
                0x0800a7fe                touchgfx::Partition<touchgfx::meta::TypeList<Screen1View, touchgfx::meta::TypeList<touchgfx::meta::Nil, touchgfx::meta::Nil> >, (unsigned short)1>::element(unsigned short)
 .text._ZNK8touchgfx9PartitionINS_4meta8TypeListI11Screen1ViewNS2_INS1_3NilES4_EEEELt1EE7elementEt
                0x0800a808        0xa TouchGFX/build/ST/STM32F769I-DISCO/TouchGFX/target/BoardConfiguration.o
                0x0800a808                touchgfx::Partition<touchgfx::meta::TypeList<Screen1View, touchgfx::meta::TypeList<touchgfx::meta::Nil, touchgfx::meta::Nil> >, (unsigned short)1>::element(unsigned short) const
 .text._ZNK8touchgfx9PartitionINS_4meta8TypeListI16Screen1PresenterNS2_INS1_3NilES4_EEEELt1EE8capacityEv
                0x0800a812        0x4 TouchGFX/build/ST/STM32F769I-DISCO/TouchGFX/target/BoardConfiguration.o
                0x0800a812                touchgfx::Partition<touchgfx::meta::TypeList<Screen1Presenter, touchgfx::meta::TypeList<touchgfx::meta::Nil, touchgfx::meta::Nil> >, (unsigned short)1>::capacity() const
 .text._ZN8touchgfx9PartitionINS_4meta8TypeListI16Screen1PresenterNS2_INS1_3NilES4_EEEELt1EE12element_sizeEv
                0x0800a816        0x4 TouchGFX/build/ST/STM32F769I-DISCO/TouchGFX/target/BoardConfiguration.o
                0x0800a816                touchgfx::Partition<touchgfx::meta::TypeList<Screen1Presenter, touchgfx::meta::TypeList<touchgfx::meta::Nil, touchgfx::meta::Nil> >, (unsigned short)1>::element_size()
 .text._ZN8touchgfx9PartitionINS_4meta8TypeListI16Screen1PresenterNS2_INS1_3NilES4_EEEELt1EE7elementEt
                0x0800a81a        0x8 TouchGFX/build/ST/STM32F769I-DISCO/TouchGFX/target/BoardConfiguration.o
                0x0800a81a                touchgfx::Partition<touchgfx::meta::TypeList<Screen1Presenter, touchgfx::meta::TypeList<touchgfx::meta::Nil, touchgfx::meta::Nil> >, (unsigned short)1>::element(unsigned short)
 .text._ZNK8touchgfx9PartitionINS_4meta8TypeListI16Screen1PresenterNS2_INS1_3NilES4_EEEELt1EE7elementEt
                0x0800a822        0x8 TouchGFX/build/ST/STM32F769I-DISCO/TouchGFX/target/BoardConfiguration.o
                0x0800a822                touchgfx::Partition<touchgfx::meta::TypeList<Screen1Presenter, touchgfx::meta::TypeList<touchgfx::meta::Nil, touchgfx::meta::Nil> >, (unsigned short)1>::element(unsigned short) const
 .text._ZN16FrontendHeapBase15gotoStartScreenER19FrontendApplication
                0x0800a82a        0x6 TouchGFX/build/ST/STM32F769I-DISCO/TouchGFX/target/BoardConfiguration.o
                0x0800a82a                FrontendHeapBase::gotoStartScreen(FrontendApplication&)
 .text._ZN8touchgfx9PartitionINS_4meta8TypeListINS_12NoTransitionENS2_INS1_3NilES4_EEEELt1EED2Ev
                0x0800a830       0x14 TouchGFX/build/ST/STM32F769I-DISCO/TouchGFX/target/BoardConfiguration.o
                0x0800a830                touchgfx::Partition<touchgfx::meta::TypeList<touchgfx::NoTransition, touchgfx::meta::TypeList<touchgfx::meta::Nil, touchgfx::meta::Nil> >, (unsigned short)1>::~Partition()
                0x0800a830                touchgfx::Partition<touchgfx::meta::TypeList<touchgfx::NoTransition, touchgfx::meta::TypeList<touchgfx::meta::Nil, touchgfx::meta::Nil> >, (unsigned short)1>::~Partition()
 .text._ZN8touchgfx9PartitionINS_4meta8TypeListINS_12NoTransitionENS2_INS1_3NilES4_EEEELt1EED0Ev
                0x0800a844       0x14 TouchGFX/build/ST/STM32F769I-DISCO/TouchGFX/target/BoardConfiguration.o
                0x0800a844                touchgfx::Partition<touchgfx::meta::TypeList<touchgfx::NoTransition, touchgfx::meta::TypeList<touchgfx::meta::Nil, touchgfx::meta::Nil> >, (unsigned short)1>::~Partition()
 .text._ZN8touchgfx9PartitionINS_4meta8TypeListI11Screen1ViewNS2_INS1_3NilES4_EEEELt1EED2Ev
                0x0800a858       0x14 TouchGFX/build/ST/STM32F769I-DISCO/TouchGFX/target/BoardConfiguration.o
                0x0800a858                touchgfx::Partition<touchgfx::meta::TypeList<Screen1View, touchgfx::meta::TypeList<touchgfx::meta::Nil, touchgfx::meta::Nil> >, (unsigned short)1>::~Partition()
                0x0800a858                touchgfx::Partition<touchgfx::meta::TypeList<Screen1View, touchgfx::meta::TypeList<touchgfx::meta::Nil, touchgfx::meta::Nil> >, (unsigned short)1>::~Partition()
 .text._ZN8touchgfx9PartitionINS_4meta8TypeListI11Screen1ViewNS2_INS1_3NilES4_EEEELt1EED0Ev
                0x0800a86c       0x14 TouchGFX/build/ST/STM32F769I-DISCO/TouchGFX/target/BoardConfiguration.o
                0x0800a86c                touchgfx::Partition<touchgfx::meta::TypeList<Screen1View, touchgfx::meta::TypeList<touchgfx::meta::Nil, touchgfx::meta::Nil> >, (unsigned short)1>::~Partition()
 .text._ZN8touchgfx9PartitionINS_4meta8TypeListI16Screen1PresenterNS2_INS1_3NilES4_EEEELt1EED2Ev
                0x0800a880       0x14 TouchGFX/build/ST/STM32F769I-DISCO/TouchGFX/target/BoardConfiguration.o
                0x0800a880                touchgfx::Partition<touchgfx::meta::TypeList<Screen1Presenter, touchgfx::meta::TypeList<touchgfx::meta::Nil, touchgfx::meta::Nil> >, (unsigned short)1>::~Partition()
                0x0800a880                touchgfx::Partition<touchgfx::meta::TypeList<Screen1Presenter, touchgfx::meta::TypeList<touchgfx::meta::Nil, touchgfx::meta::Nil> >, (unsigned short)1>::~Partition()
 .text._ZN8touchgfx9PartitionINS_4meta8TypeListI16Screen1PresenterNS2_INS1_3NilES4_EEEELt1EED0Ev
                0x0800a894       0x14 TouchGFX/build/ST/STM32F769I-DISCO/TouchGFX/target/BoardConfiguration.o
                0x0800a894                touchgfx::Partition<touchgfx::meta::TypeList<Screen1Presenter, touchgfx::meta::TypeList<touchgfx::meta::Nil, touchgfx::meta::Nil> >, (unsigned short)1>::~Partition()
 .text._ZN12FrontendHeapD2Ev
                0x0800a8a8       0x28 TouchGFX/build/ST/STM32F769I-DISCO/TouchGFX/target/BoardConfiguration.o
                0x0800a8a8                FrontendHeap::~FrontendHeap()
                0x0800a8a8                FrontendHeap::~FrontendHeap()
 .text._ZN12FrontendHeapD0Ev
                0x0800a8d0       0x16 TouchGFX/build/ST/STM32F769I-DISCO/TouchGFX/target/BoardConfiguration.o
                0x0800a8d0                FrontendHeap::~FrontendHeap()
 .text._ZN8touchgfx8LCD24bppD0Ev
                0x0800a8e6        0xe TouchGFX/build/ST/STM32F769I-DISCO/TouchGFX/target/BoardConfiguration.o
                0x0800a8e6                touchgfx::LCD24bpp::~LCD24bpp()
 .text.LCD_GetXSize
                0x0800a8f4        0x6 TouchGFX/build/ST/STM32F769I-DISCO/TouchGFX/target/BoardConfiguration.o
                0x0800a8f4                LCD_GetXSize
 .text.LCD_GetYSize
                0x0800a8fa        0x6 TouchGFX/build/ST/STM32F769I-DISCO/TouchGFX/target/BoardConfiguration.o
                0x0800a8fa                LCD_GetYSize
 .text.DSI_IO_WriteCmd
                0x0800a900       0x34 TouchGFX/build/ST/STM32F769I-DISCO/TouchGFX/target/BoardConfiguration.o
                0x0800a900                DSI_IO_WriteCmd
 .text.LCD_ReqTear
                0x0800a934       0x3c TouchGFX/build/ST/STM32F769I-DISCO/TouchGFX/target/BoardConfiguration.o
                0x0800a934                LCD_ReqTear
 .text.LCD_SetUpdateRegion
                0x0800a970       0x28 TouchGFX/build/ST/STM32F769I-DISCO/TouchGFX/target/BoardConfiguration.o
                0x0800a970                LCD_SetUpdateRegion
 .text.LCD_SetUpdateRegionLeft
                0x0800a998       0x24 TouchGFX/build/ST/STM32F769I-DISCO/TouchGFX/target/BoardConfiguration.o
                0x0800a998                LCD_SetUpdateRegionLeft
 .text.LCD_SetUpdateRegionRight
                0x0800a9bc       0x24 TouchGFX/build/ST/STM32F769I-DISCO/TouchGFX/target/BoardConfiguration.o
                0x0800a9bc                LCD_SetUpdateRegionRight
 .text._Z16GRAPHICS_HW_Initv
                0x0800a9e0       0x84 TouchGFX/build/ST/STM32F769I-DISCO/TouchGFX/target/BoardConfiguration.o
                0x0800a9e0                GRAPHICS_HW_Init()
 .text._Z17GRAPHICS_MainTaskv
                0x0800aa64       0x10 TouchGFX/build/ST/STM32F769I-DISCO/TouchGFX/target/BoardConfiguration.o
                0x0800aa64                GRAPHICS_MainTask()
 .text._ZN8touchgfx21touchgfx_generic_initI14STM32F7HAL_DSIEERNS_3HALERNS_13DMA_InterfaceERNS_3LCDERNS_15TouchControllerEssPtmm
                0x0800aa74      0x1e0 TouchGFX/build/ST/STM32F769I-DISCO/TouchGFX/target/BoardConfiguration.o
                0x0800aa74                touchgfx::HAL& touchgfx::touchgfx_generic_init<STM32F7HAL_DSI>(touchgfx::DMA_Interface&, touchgfx::LCD&, touchgfx::TouchController&, short, short, unsigned short*, unsigned long, unsigned long)
 .text._ZN8touchgfx13touchgfx_initEv
                0x0800ac54       0x68 TouchGFX/build/ST/STM32F769I-DISCO/TouchGFX/target/BoardConfiguration.o
                0x0800ac54                touchgfx::touchgfx_init()
 .text._Z13GRAPHICS_Initv
                0x0800acbc        0x4 TouchGFX/build/ST/STM32F769I-DISCO/TouchGFX/target/BoardConfiguration.o
                0x0800acbc                GRAPHICS_Init()
 .text.startup._GLOBAL__sub_I_LCD_GetXSize
                0x0800acc0       0x84 TouchGFX/build/ST/STM32F769I-DISCO/TouchGFX/target/BoardConfiguration.o
 .text.vListInitialise
                0x0800ad44       0x16 TouchGFX/build/ST/STM32F769I-DISCO/Middlewares/Third_Party/FreeRTOS/Source/list.o
                0x0800ad44                vListInitialise
 .text.vListInitialiseItem
                0x0800ad5a        0x6 TouchGFX/build/ST/STM32F769I-DISCO/Middlewares/Third_Party/FreeRTOS/Source/list.o
                0x0800ad5a                vListInitialiseItem
 .text.vListInsertEnd
                0x0800ad60       0x18 TouchGFX/build/ST/STM32F769I-DISCO/Middlewares/Third_Party/FreeRTOS/Source/list.o
                0x0800ad60                vListInsertEnd
 .text.vListInsert
                0x0800ad78       0x2e TouchGFX/build/ST/STM32F769I-DISCO/Middlewares/Third_Party/FreeRTOS/Source/list.o
                0x0800ad78                vListInsert
 .text.uxListRemove
                0x0800ada6       0x24 TouchGFX/build/ST/STM32F769I-DISCO/Middlewares/Third_Party/FreeRTOS/Source/list.o
                0x0800ada6                uxListRemove
 .text.unlikely.prvCopyDataToQueue
                0x0800adca       0x66 TouchGFX/build/ST/STM32F769I-DISCO/Middlewares/Third_Party/FreeRTOS/Source/queue.o
 .text.unlikely.prvCopyDataFromQueue
                0x0800ae30       0x2a TouchGFX/build/ST/STM32F769I-DISCO/Middlewares/Third_Party/FreeRTOS/Source/queue.o
 .text.prvUnlockQueue
                0x0800ae5a       0x70 TouchGFX/build/ST/STM32F769I-DISCO/Middlewares/Third_Party/FreeRTOS/Source/queue.o
 *fill*         0x0800aeca        0x2 
 .text.xQueueGenericReset
                0x0800aecc       0x84 TouchGFX/build/ST/STM32F769I-DISCO/Middlewares/Third_Party/FreeRTOS/Source/queue.o
                0x0800aecc                xQueueGenericReset
 .text.xQueueGenericCreate
                0x0800af50       0x46 TouchGFX/build/ST/STM32F769I-DISCO/Middlewares/Third_Party/FreeRTOS/Source/queue.o
                0x0800af50                xQueueGenericCreate
 *fill*         0x0800af96        0x2 
 .text.xQueueGenericSend
                0x0800af98      0x17c TouchGFX/build/ST/STM32F769I-DISCO/Middlewares/Third_Party/FreeRTOS/Source/queue.o
                0x0800af98                xQueueGenericSend
 .text.xQueueGenericSendFromISR
                0x0800b114       0xd4 TouchGFX/build/ST/STM32F769I-DISCO/Middlewares/Third_Party/FreeRTOS/Source/queue.o
                0x0800b114                xQueueGenericSendFromISR
 .text.xQueueGiveFromISR
                0x0800b1e8       0xba TouchGFX/build/ST/STM32F769I-DISCO/Middlewares/Third_Party/FreeRTOS/Source/queue.o
                0x0800b1e8                xQueueGiveFromISR
 *fill*         0x0800b2a2        0x2 
 .text.xQueueGenericReceive
                0x0800b2a4      0x194 TouchGFX/build/ST/STM32F769I-DISCO/Middlewares/Third_Party/FreeRTOS/Source/queue.o
                0x0800b2a4                xQueueGenericReceive
 .text.prvResetNextTaskUnblockTime
                0x0800b438       0x24 TouchGFX/build/ST/STM32F769I-DISCO/Middlewares/Third_Party/FreeRTOS/Source/tasks.o
 .text.prvAddCurrentTaskToDelayedList
                0x0800b45c       0x8c TouchGFX/build/ST/STM32F769I-DISCO/Middlewares/Third_Party/FreeRTOS/Source/tasks.o
 .text.vTaskSetTimeOutState.part.4
                0x0800b4e8       0x16 TouchGFX/build/ST/STM32F769I-DISCO/Middlewares/Third_Party/FreeRTOS/Source/tasks.o
 *fill*         0x0800b4fe        0x2 
 .text.xTaskCreate
                0x0800b500      0x1b0 TouchGFX/build/ST/STM32F769I-DISCO/Middlewares/Third_Party/FreeRTOS/Source/tasks.o
                0x0800b500                xTaskCreate
 .text.vTaskStartScheduler
                0x0800b6b0       0x80 TouchGFX/build/ST/STM32F769I-DISCO/Middlewares/Third_Party/FreeRTOS/Source/tasks.o
                0x0800b6b0                vTaskStartScheduler
 .text.vTaskSuspendAll
                0x0800b730       0x10 TouchGFX/build/ST/STM32F769I-DISCO/Middlewares/Third_Party/FreeRTOS/Source/tasks.o
                0x0800b730                vTaskSuspendAll
 .text.xTaskIncrementTick
                0x0800b740      0x128 TouchGFX/build/ST/STM32F769I-DISCO/Middlewares/Third_Party/FreeRTOS/Source/tasks.o
                0x0800b740                xTaskIncrementTick
 .text.xTaskResumeAll
                0x0800b868       0xf4 TouchGFX/build/ST/STM32F769I-DISCO/Middlewares/Third_Party/FreeRTOS/Source/tasks.o
                0x0800b868                xTaskResumeAll
 .text.vTaskDelay
                0x0800b95c       0x4c TouchGFX/build/ST/STM32F769I-DISCO/Middlewares/Third_Party/FreeRTOS/Source/tasks.o
                0x0800b95c                vTaskDelay
 .text.prvIdleTask
                0x0800b9a8       0x78 TouchGFX/build/ST/STM32F769I-DISCO/Middlewares/Third_Party/FreeRTOS/Source/tasks.o
 .text.vTaskSetApplicationTaskTag
                0x0800ba20       0x20 TouchGFX/build/ST/STM32F769I-DISCO/Middlewares/Third_Party/FreeRTOS/Source/tasks.o
                0x0800ba20                vTaskSetApplicationTaskTag
 .text.vTaskSwitchContext
                0x0800ba40       0xa8 TouchGFX/build/ST/STM32F769I-DISCO/Middlewares/Third_Party/FreeRTOS/Source/tasks.o
                0x0800ba40                vTaskSwitchContext
 .text.vTaskPlaceOnEventList
                0x0800bae8       0x38 TouchGFX/build/ST/STM32F769I-DISCO/Middlewares/Third_Party/FreeRTOS/Source/tasks.o
                0x0800bae8                vTaskPlaceOnEventList
 .text.xTaskRemoveFromEventList
                0x0800bb20       0x88 TouchGFX/build/ST/STM32F769I-DISCO/Middlewares/Third_Party/FreeRTOS/Source/tasks.o
                0x0800bb20                xTaskRemoveFromEventList
 .text.vTaskSetTimeOutState
                0x0800bba8       0x20 TouchGFX/build/ST/STM32F769I-DISCO/Middlewares/Third_Party/FreeRTOS/Source/tasks.o
                0x0800bba8                vTaskSetTimeOutState
 .text.xTaskCheckForTimeOut
                0x0800bbc8       0x7c TouchGFX/build/ST/STM32F769I-DISCO/Middlewares/Third_Party/FreeRTOS/Source/tasks.o
                0x0800bbc8                xTaskCheckForTimeOut
 .text.vTaskMissedYield
                0x0800bc44        0xc TouchGFX/build/ST/STM32F769I-DISCO/Middlewares/Third_Party/FreeRTOS/Source/tasks.o
                0x0800bc44                vTaskMissedYield
 .text.xTaskGetSchedulerState
                0x0800bc50       0x20 TouchGFX/build/ST/STM32F769I-DISCO/Middlewares/Third_Party/FreeRTOS/Source/tasks.o
                0x0800bc50                xTaskGetSchedulerState
 .text.vTaskPriorityInherit
                0x0800bc70       0x8c TouchGFX/build/ST/STM32F769I-DISCO/Middlewares/Third_Party/FreeRTOS/Source/tasks.o
                0x0800bc70                vTaskPriorityInherit
 .text.xTaskPriorityDisinherit
                0x0800bcfc       0xa8 TouchGFX/build/ST/STM32F769I-DISCO/Middlewares/Third_Party/FreeRTOS/Source/tasks.o
                0x0800bcfc                xTaskPriorityDisinherit
 .text.pvTaskIncrementMutexHeldCount
                0x0800bda4       0x18 TouchGFX/build/ST/STM32F769I-DISCO/Middlewares/Third_Party/FreeRTOS/Source/tasks.o
                0x0800bda4                pvTaskIncrementMutexHeldCount
 .text.pvPortMalloc
                0x0800bdbc       0xbc TouchGFX/build/ST/STM32F769I-DISCO/Middlewares/Third_Party/FreeRTOS/Source/portable/MemMang/heap_2.o
                0x0800bdbc                pvPortMalloc
 .text.vPortFree
                0x0800be78       0x44 TouchGFX/build/ST/STM32F769I-DISCO/Middlewares/Third_Party/FreeRTOS/Source/portable/MemMang/heap_2.o
                0x0800be78                vPortFree
 .text.prvTaskExitError
                0x0800bebc       0x38 TouchGFX/build/ST/STM32F769I-DISCO/Middlewares/Third_Party/FreeRTOS/Source/portable/GCC/ARM_CM7/r0p1/port.o
 .text.prvPortStartFirstTask
                0x0800bef4       0x20 TouchGFX/build/ST/STM32F769I-DISCO/Middlewares/Third_Party/FreeRTOS/Source/portable/GCC/ARM_CM7/r0p1/port.o
 .text.vPortEnableVFP
                0x0800bf14       0x14 TouchGFX/build/ST/STM32F769I-DISCO/Middlewares/Third_Party/FreeRTOS/Source/portable/GCC/ARM_CM7/r0p1/port.o
 .text.pxPortInitialiseStack
                0x0800bf28       0x24 TouchGFX/build/ST/STM32F769I-DISCO/Middlewares/Third_Party/FreeRTOS/Source/portable/GCC/ARM_CM7/r0p1/port.o
                0x0800bf28                pxPortInitialiseStack
 *fill*         0x0800bf4c        0x4 
 .text.SVC_Handler
                0x0800bf50       0x24 TouchGFX/build/ST/STM32F769I-DISCO/Middlewares/Third_Party/FreeRTOS/Source/portable/GCC/ARM_CM7/r0p1/port.o
                0x0800bf50                SVC_Handler
 .text.vPortEnterCritical
                0x0800bf74       0x4c TouchGFX/build/ST/STM32F769I-DISCO/Middlewares/Third_Party/FreeRTOS/Source/portable/GCC/ARM_CM7/r0p1/port.o
                0x0800bf74                vPortEnterCritical
 .text.vPortExitCritical
                0x0800bfc0       0x2c TouchGFX/build/ST/STM32F769I-DISCO/Middlewares/Third_Party/FreeRTOS/Source/portable/GCC/ARM_CM7/r0p1/port.o
                0x0800bfc0                vPortExitCritical
 *fill*         0x0800bfec        0x4 
 .text.PendSV_Handler
                0x0800bff0       0x64 TouchGFX/build/ST/STM32F769I-DISCO/Middlewares/Third_Party/FreeRTOS/Source/portable/GCC/ARM_CM7/r0p1/port.o
                0x0800bff0                PendSV_Handler
 .text.SysTick_Handler
                0x0800c054       0x30 TouchGFX/build/ST/STM32F769I-DISCO/Middlewares/Third_Party/FreeRTOS/Source/portable/GCC/ARM_CM7/r0p1/port.o
                0x0800c054                SysTick_Handler
 .text.vPortSetupTimerInterrupt
                0x0800c084       0x28 TouchGFX/build/ST/STM32F769I-DISCO/Middlewares/Third_Party/FreeRTOS/Source/portable/GCC/ARM_CM7/r0p1/port.o
                0x0800c084                vPortSetupTimerInterrupt
 .text.xPortStartScheduler
                0x0800c0ac       0xa8 TouchGFX/build/ST/STM32F769I-DISCO/Middlewares/Third_Party/FreeRTOS/Source/portable/GCC/ARM_CM7/r0p1/port.o
                0x0800c0ac                xPortStartScheduler
 .text.vPortValidateInterruptPriority
                0x0800c154       0x64 TouchGFX/build/ST/STM32F769I-DISCO/Middlewares/Third_Party/FreeRTOS/Source/portable/GCC/ARM_CM7/r0p1/port.o
                0x0800c154                vPortValidateInterruptPriority
 .text.I2Cx_Init
                0x0800c1b8      0x168 TouchGFX/build/ST/STM32F769I-DISCO/Drivers/BSP/STM32F769I-Discovery/stm32f769i_discovery.o
 .text.I2Cx_WriteMultiple
                0x0800c320       0x30 TouchGFX/build/ST/STM32F769I-DISCO/Drivers/BSP/STM32F769I-Discovery/stm32f769i_discovery.o
 .text.I2Cx_ReadMultiple
                0x0800c350       0x30 TouchGFX/build/ST/STM32F769I-DISCO/Drivers/BSP/STM32F769I-Discovery/stm32f769i_discovery.o
 .text.TS_IO_ReadMultiple
                0x0800c380       0x1c TouchGFX/build/ST/STM32F769I-DISCO/Drivers/BSP/STM32F769I-Discovery/stm32f769i_discovery.o
                0x0800c380                TS_IO_ReadMultiple
 .text.OTM8009A_IO_Delay
                0x0800c39c        0x4 TouchGFX/build/ST/STM32F769I-DISCO/Drivers/BSP/STM32F769I-Discovery/stm32f769i_discovery.o
                0x0800c39c                OTM8009A_IO_Delay
 .text.HDMI_IO_Init
                0x0800c3a0        0xc TouchGFX/build/ST/STM32F769I-DISCO/Drivers/BSP/STM32F769I-Discovery/stm32f769i_discovery.o
                0x0800c3a0                HDMI_IO_Init
 .text.TS_IO_Init
                0x0800c3ac        0x4 TouchGFX/build/ST/STM32F769I-DISCO/Drivers/BSP/STM32F769I-Discovery/stm32f769i_discovery.o
                0x0800c3ac                TS_IO_Init
 .text.HDMI_IO_Write
                0x0800c3b0       0x20 TouchGFX/build/ST/STM32F769I-DISCO/Drivers/BSP/STM32F769I-Discovery/stm32f769i_discovery.o
                0x0800c3b0                HDMI_IO_Write
 .text.TS_IO_Write
                0x0800c3d0        0x4 TouchGFX/build/ST/STM32F769I-DISCO/Drivers/BSP/STM32F769I-Discovery/stm32f769i_discovery.o
                0x0800c3d0                TS_IO_Write
 .text.HDMI_IO_Read
                0x0800c3d4       0x28 TouchGFX/build/ST/STM32F769I-DISCO/Drivers/BSP/STM32F769I-Discovery/stm32f769i_discovery.o
                0x0800c3d4                HDMI_IO_Read
 .text.TS_IO_Read
                0x0800c3fc        0x4 TouchGFX/build/ST/STM32F769I-DISCO/Drivers/BSP/STM32F769I-Discovery/stm32f769i_discovery.o
                0x0800c3fc                TS_IO_Read
 .text.BSP_TS_Init
                0x0800c400       0x70 TouchGFX/build/ST/STM32F769I-DISCO/Drivers/BSP/STM32F769I-Discovery/stm32f769i_discovery_ts.o
                0x0800c400                BSP_TS_Init
 .text.BSP_TS_GetState
                0x0800c470       0xf0 TouchGFX/build/ST/STM32F769I-DISCO/Drivers/BSP/STM32F769I-Discovery/stm32f769i_discovery_ts.o
                0x0800c470                BSP_TS_GetState
 .text.QSPI_AutoPollingMemReady.constprop.4
                0x0800c560       0x54 TouchGFX/build/ST/STM32F769I-DISCO/Drivers/BSP/STM32F769I-Discovery/stm32f769i_discovery_qspi.o
 .text.QSPI_WriteEnable.constprop.7
                0x0800c5b4       0x70 TouchGFX/build/ST/STM32F769I-DISCO/Drivers/BSP/STM32F769I-Discovery/stm32f769i_discovery_qspi.o
 .text.BSP_QSPI_EnableMemoryMappedMode
                0x0800c624       0x50 TouchGFX/build/ST/STM32F769I-DISCO/Drivers/BSP/STM32F769I-Discovery/stm32f769i_discovery_qspi.o
                0x0800c624                BSP_QSPI_EnableMemoryMappedMode
 .text.BSP_QSPI_MspInit
                0x0800c674      0x128 TouchGFX/build/ST/STM32F769I-DISCO/Drivers/BSP/STM32F769I-Discovery/stm32f769i_discovery_qspi.o
                0x0800c674                BSP_QSPI_MspInit
 .text.BSP_QSPI_Init
                0x0800c79c      0x45c TouchGFX/build/ST/STM32F769I-DISCO/Drivers/BSP/STM32F769I-Discovery/stm32f769i_discovery_qspi.o
                0x0800c79c                BSP_QSPI_Init
 .text.OTM8009A_Init
                0x0800cbf8      0x498 TouchGFX/build/ST/STM32F769I-DISCO/Drivers/BSP/Components/otm8009a/otm8009a.o
                0x0800cbf8                OTM8009A_Init
 .text.ft6x06_TS_ITStatus
                0x0800d090        0x4 TouchGFX/build/ST/STM32F769I-DISCO/Drivers/BSP/Components/ft6x06/ft6x06.o
                0x0800d090                ft6x06_TS_ITStatus
 .text.ft6x06_TS_ClearIT
                0x0800d094        0x2 TouchGFX/build/ST/STM32F769I-DISCO/Drivers/BSP/Components/ft6x06/ft6x06.o
                0x0800d094                ft6x06_TS_ClearIT
 .text.ft6x06_ReadID
                0x0800d096       0x12 TouchGFX/build/ST/STM32F769I-DISCO/Drivers/BSP/Components/ft6x06/ft6x06.o
                0x0800d096                ft6x06_ReadID
 .text.ft6x06_TS_DetectTouch
                0x0800d0a8       0x44 TouchGFX/build/ST/STM32F769I-DISCO/Drivers/BSP/Components/ft6x06/ft6x06.o
                0x0800d0a8                ft6x06_TS_DetectTouch
 .text.ft6x06_TS_GetXY
                0x0800d0ec       0x5c TouchGFX/build/ST/STM32F769I-DISCO/Drivers/BSP/Components/ft6x06/ft6x06.o
                0x0800d0ec                ft6x06_TS_GetXY
 .text.ft6x06_TS_EnableIT
                0x0800d148        0xa TouchGFX/build/ST/STM32F769I-DISCO/Drivers/BSP/Components/ft6x06/ft6x06.o
                0x0800d148                ft6x06_TS_EnableIT
 .text.ft6x06_TS_DisableIT
                0x0800d152        0xa TouchGFX/build/ST/STM32F769I-DISCO/Drivers/BSP/Components/ft6x06/ft6x06.o
                0x0800d152                ft6x06_TS_DisableIT
 .text.ft6x06_TS_Start
                0x0800d15c        0x4 TouchGFX/build/ST/STM32F769I-DISCO/Drivers/BSP/Components/ft6x06/ft6x06.o
                0x0800d15c                ft6x06_TS_Start
 .text.ft6x06_Reset
                0x0800d160        0x2 TouchGFX/build/ST/STM32F769I-DISCO/Drivers/BSP/Components/ft6x06/ft6x06.o
                0x0800d160                ft6x06_Reset
 *fill*         0x0800d162        0x2 
 .text.ft6x06_Init
                0x0800d164       0x28 TouchGFX/build/ST/STM32F769I-DISCO/Drivers/BSP/Components/ft6x06/ft6x06.o
                0x0800d164                ft6x06_Init
 .text.HAL_Init
                0x0800d18c       0x16 TouchGFX/build/ST/STM32F769I-DISCO/Drivers/STM32F7xx_HAL_Driver/Src/stm32f7xx_hal.o
                0x0800d18c                HAL_Init
 *fill*         0x0800d1a2        0x2 
 .text.HAL_IncTick
                0x0800d1a4       0x18 TouchGFX/build/ST/STM32F769I-DISCO/Drivers/STM32F7xx_HAL_Driver/Src/stm32f7xx_hal.o
                0x0800d1a4                HAL_IncTick
 .text.HAL_GetTick
                0x0800d1bc        0xc TouchGFX/build/ST/STM32F769I-DISCO/Drivers/STM32F7xx_HAL_Driver/Src/stm32f7xx_hal.o
                0x0800d1bc                HAL_GetTick
 .text.HAL_Delay
                0x0800d1c8       0x24 TouchGFX/build/ST/STM32F769I-DISCO/Drivers/STM32F7xx_HAL_Driver/Src/stm32f7xx_hal.o
                0x0800d1c8                HAL_Delay
 .text.HAL_NVIC_SetPriorityGrouping
                0x0800d1ec       0x24 TouchGFX/build/ST/STM32F769I-DISCO/Drivers/STM32F7xx_HAL_Driver/Src/stm32f7xx_hal_cortex.o
                0x0800d1ec                HAL_NVIC_SetPriorityGrouping
 .text.HAL_NVIC_SetPriority
                0x0800d210       0x70 TouchGFX/build/ST/STM32F769I-DISCO/Drivers/STM32F7xx_HAL_Driver/Src/stm32f7xx_hal_cortex.o
                0x0800d210                HAL_NVIC_SetPriority
 .text.HAL_NVIC_EnableIRQ
                0x0800d280       0x18 TouchGFX/build/ST/STM32F769I-DISCO/Drivers/STM32F7xx_HAL_Driver/Src/stm32f7xx_hal_cortex.o
                0x0800d280                HAL_NVIC_EnableIRQ
 .text.HAL_NVIC_DisableIRQ
                0x0800d298       0x1c TouchGFX/build/ST/STM32F769I-DISCO/Drivers/STM32F7xx_HAL_Driver/Src/stm32f7xx_hal_cortex.o
                0x0800d298                HAL_NVIC_DisableIRQ
 .text.DMA2D_SetConfig
                0x0800d2b4       0x88 TouchGFX/build/ST/STM32F769I-DISCO/Drivers/STM32F7xx_HAL_Driver/Src/stm32f7xx_hal_dma2d.o
 .text.HAL_DMA2D_Init
                0x0800d33c       0x7e TouchGFX/build/ST/STM32F769I-DISCO/Drivers/STM32F7xx_HAL_Driver/Src/stm32f7xx_hal_dma2d.o
                0x0800d33c                HAL_DMA2D_Init
 .text.HAL_DMA2D_Start_IT
                0x0800d3ba       0x3e TouchGFX/build/ST/STM32F769I-DISCO/Drivers/STM32F7xx_HAL_Driver/Src/stm32f7xx_hal_dma2d.o
                0x0800d3ba                HAL_DMA2D_Start_IT
 .text.HAL_DMA2D_BlendingStart_IT
                0x0800d3f8       0x48 TouchGFX/build/ST/STM32F769I-DISCO/Drivers/STM32F7xx_HAL_Driver/Src/stm32f7xx_hal_dma2d.o
                0x0800d3f8                HAL_DMA2D_BlendingStart_IT
 .text.HAL_DMA2D_Abort
                0x0800d440       0x58 TouchGFX/build/ST/STM32F769I-DISCO/Drivers/STM32F7xx_HAL_Driver/Src/stm32f7xx_hal_dma2d.o
                0x0800d440                HAL_DMA2D_Abort
 .text.HAL_DMA2D_CLUTLoading_Abort
                0x0800d498       0x60 TouchGFX/build/ST/STM32F769I-DISCO/Drivers/STM32F7xx_HAL_Driver/Src/stm32f7xx_hal_dma2d.o
                0x0800d498                HAL_DMA2D_CLUTLoading_Abort
 .text.HAL_DMA2D_DeInit
                0x0800d4f8       0x6c TouchGFX/build/ST/STM32F769I-DISCO/Drivers/STM32F7xx_HAL_Driver/Src/stm32f7xx_hal_dma2d.o
                0x0800d4f8                HAL_DMA2D_DeInit
 .text.HAL_DMA2D_LineEventCallback
                0x0800d564        0x2 TouchGFX/build/ST/STM32F769I-DISCO/Drivers/STM32F7xx_HAL_Driver/Src/stm32f7xx_hal_dma2d.o
                0x0800d564                HAL_DMA2D_LineEventCallback
 .text.HAL_DMA2D_CLUTLoadingCpltCallback
                0x0800d566        0x2 TouchGFX/build/ST/STM32F769I-DISCO/Drivers/STM32F7xx_HAL_Driver/Src/stm32f7xx_hal_dma2d.o
                0x0800d566                HAL_DMA2D_CLUTLoadingCpltCallback
 .text.HAL_DMA2D_IRQHandler
                0x0800d568      0x120 TouchGFX/build/ST/STM32F769I-DISCO/Drivers/STM32F7xx_HAL_Driver/Src/stm32f7xx_hal_dma2d.o
                0x0800d568                HAL_DMA2D_IRQHandler
 .text.HAL_DMA2D_ConfigLayer
                0x0800d688       0xa8 TouchGFX/build/ST/STM32F769I-DISCO/Drivers/STM32F7xx_HAL_Driver/Src/stm32f7xx_hal_dma2d.o
                0x0800d688                HAL_DMA2D_ConfigLayer
 .text.HAL_GPIO_Init
                0x0800d730      0x1d8 TouchGFX/build/ST/STM32F769I-DISCO/Drivers/STM32F7xx_HAL_Driver/Src/stm32f7xx_hal_gpio.o
                0x0800d730                HAL_GPIO_Init
 .text.HAL_GPIO_DeInit
                0x0800d908      0x148 TouchGFX/build/ST/STM32F769I-DISCO/Drivers/STM32F7xx_HAL_Driver/Src/stm32f7xx_hal_gpio.o
                0x0800d908                HAL_GPIO_DeInit
 .text.HAL_GPIO_WritePin
                0x0800da50        0xa TouchGFX/build/ST/STM32F769I-DISCO/Drivers/STM32F7xx_HAL_Driver/Src/stm32f7xx_hal_gpio.o
                0x0800da50                HAL_GPIO_WritePin
 .text.I2C_Flush_TXDR
                0x0800da5a       0x1e TouchGFX/build/ST/STM32F769I-DISCO/Drivers/STM32F7xx_HAL_Driver/Src/stm32f7xx_hal_i2c.o
 .text.I2C_TransferConfig
                0x0800da78       0x34 TouchGFX/build/ST/STM32F769I-DISCO/Drivers/STM32F7xx_HAL_Driver/Src/stm32f7xx_hal_i2c.o
 .text.I2C_WaitOnFlagUntilTimeout
                0x0800daac       0x4e TouchGFX/build/ST/STM32F769I-DISCO/Drivers/STM32F7xx_HAL_Driver/Src/stm32f7xx_hal_i2c.o
 .text.I2C_IsAcknowledgeFailed
                0x0800dafa       0x7c TouchGFX/build/ST/STM32F769I-DISCO/Drivers/STM32F7xx_HAL_Driver/Src/stm32f7xx_hal_i2c.o
 .text.I2C_WaitOnTXISFlagUntilTimeout
                0x0800db76       0x52 TouchGFX/build/ST/STM32F769I-DISCO/Drivers/STM32F7xx_HAL_Driver/Src/stm32f7xx_hal_i2c.o
 .text.I2C_RequestMemoryWrite
                0x0800dbc8       0x6c TouchGFX/build/ST/STM32F769I-DISCO/Drivers/STM32F7xx_HAL_Driver/Src/stm32f7xx_hal_i2c.o
 .text.I2C_RequestMemoryRead
                0x0800dc34       0x68 TouchGFX/build/ST/STM32F769I-DISCO/Drivers/STM32F7xx_HAL_Driver/Src/stm32f7xx_hal_i2c.o
 .text.I2C_WaitOnSTOPFlagUntilTimeout
                0x0800dc9c       0x4e TouchGFX/build/ST/STM32F769I-DISCO/Drivers/STM32F7xx_HAL_Driver/Src/stm32f7xx_hal_i2c.o
 .text.HAL_I2C_MspInit
                0x0800dcea        0x2 TouchGFX/build/ST/STM32F769I-DISCO/Drivers/STM32F7xx_HAL_Driver/Src/stm32f7xx_hal_i2c.o
                0x0800dcea                HAL_I2C_MspInit
 .text.HAL_I2C_Init
                0x0800dcec       0xb2 TouchGFX/build/ST/STM32F769I-DISCO/Drivers/STM32F7xx_HAL_Driver/Src/stm32f7xx_hal_i2c.o
                0x0800dcec                HAL_I2C_Init
 .text.HAL_I2C_MspDeInit
                0x0800dd9e        0x2 TouchGFX/build/ST/STM32F769I-DISCO/Drivers/STM32F7xx_HAL_Driver/Src/stm32f7xx_hal_i2c.o
                0x0800dd9e                HAL_I2C_MspDeInit
 .text.HAL_I2C_DeInit
                0x0800dda0       0x32 TouchGFX/build/ST/STM32F769I-DISCO/Drivers/STM32F7xx_HAL_Driver/Src/stm32f7xx_hal_i2c.o
                0x0800dda0                HAL_I2C_DeInit
 .text.HAL_I2C_Mem_Write
                0x0800ddd2      0x172 TouchGFX/build/ST/STM32F769I-DISCO/Drivers/STM32F7xx_HAL_Driver/Src/stm32f7xx_hal_i2c.o
                0x0800ddd2                HAL_I2C_Mem_Write
 .text.HAL_I2C_Mem_Read
                0x0800df44      0x17c TouchGFX/build/ST/STM32F769I-DISCO/Drivers/STM32F7xx_HAL_Driver/Src/stm32f7xx_hal_i2c.o
                0x0800df44                HAL_I2C_Mem_Read